--------------------------------------------------------------------------------
Release 14.7 Trace  (nt64)
Copyright (c) 1995-2013 Xilinx, Inc.  All rights reserved.

E:\ISE\14.7\ISE_DS\ISE\bin\nt64\unwrapped\trce.exe -intstyle ise -v 3 -s 5 -n 3
-fastpaths -xml ripple_carry12.twx ripple_carry12.ncd -o ripple_carry12.twr
ripple_carry12.pcf

Design file:              ripple_carry12.ncd
Physical constraint file: ripple_carry12.pcf
Device,package,speed:     xc3s100e,vq100,-5 (PRODUCTION 1.27 2013-10-13)
Report level:             verbose report

Environment Variable      Effect 
--------------------      ------ 
NONE                      No environment variables were set
--------------------------------------------------------------------------------

INFO:Timing:2698 - No timing constraints found, doing default enumeration.
INFO:Timing:3412 - To improve timing, see the Timing Closure User Guide (UG612).
INFO:Timing:2752 - To get complete path coverage, use the unconstrained paths 
   option. All paths that are not constrained will be reported in the 
   unconstrained paths section(s) of the report.
INFO:Timing:3339 - The clock-to-out numbers in this timing report are based on 
   a 50 Ohm transmission line loading model.  For the details of this model, 
   and for more information on accounting for different loading conditions, 
   please see the device datasheet.
INFO:Timing:3390 - This architecture does not support a default System Jitter 
   value, please add SYSTEM_JITTER constraint to the UCF to modify the Clock 
   Uncertainty calculation.
INFO:Timing:3389 - This architecture does not support 'Discrete Jitter' and 
   'Phase Error' calculations, these terms will be zero in the Clock 
   Uncertainty calculation.  Please make appropriate modification to 
   SYSTEM_JITTER to account for the unsupported Discrete Jitter and Phase 
   Error.



Data Sheet report:
-----------------
All values displayed in nanoseconds (ns)

Pad to Pad
---------------+---------------+---------+
Source Pad     |Destination Pad|  Delay  |
---------------+---------------+---------+
a<0>           |cout           |   16.443|
a<0>           |s<0>           |    6.858|
a<0>           |s<1>           |    8.330|
a<0>           |s<2>           |    8.890|
a<0>           |s<3>           |    9.801|
a<0>           |s<4>           |   10.487|
a<0>           |s<5>           |   11.195|
a<0>           |s<6>           |   11.908|
a<0>           |s<7>           |   13.558|
a<0>           |s<8>           |   13.949|
a<0>           |s<9>           |   14.527|
a<0>           |s<10>          |   15.731|
a<0>           |s<11>          |   16.579|
a<1>           |cout           |   15.924|
a<1>           |s<1>           |    6.971|
a<1>           |s<2>           |    8.371|
a<1>           |s<3>           |    9.282|
a<1>           |s<4>           |    9.968|
a<1>           |s<5>           |   10.676|
a<1>           |s<6>           |   11.389|
a<1>           |s<7>           |   13.039|
a<1>           |s<8>           |   13.430|
a<1>           |s<9>           |   14.008|
a<1>           |s<10>          |   15.212|
a<1>           |s<11>          |   16.060|
a<2>           |cout           |   14.432|
a<2>           |s<2>           |    7.499|
a<2>           |s<3>           |    7.790|
a<2>           |s<4>           |    8.476|
a<2>           |s<5>           |    9.184|
a<2>           |s<6>           |    9.897|
a<2>           |s<7>           |   11.547|
a<2>           |s<8>           |   11.938|
a<2>           |s<9>           |   12.516|
a<2>           |s<10>          |   13.720|
a<2>           |s<11>          |   14.568|
a<3>           |cout           |   13.591|
a<3>           |s<3>           |    6.983|
a<3>           |s<4>           |    7.635|
a<3>           |s<5>           |    8.343|
a<3>           |s<6>           |    9.056|
a<3>           |s<7>           |   10.706|
a<3>           |s<8>           |   11.097|
a<3>           |s<9>           |   11.675|
a<3>           |s<10>          |   12.879|
a<3>           |s<11>          |   13.727|
a<4>           |cout           |   12.518|
a<4>           |s<4>           |    6.657|
a<4>           |s<5>           |    7.270|
a<4>           |s<6>           |    7.983|
a<4>           |s<7>           |    9.633|
a<4>           |s<8>           |   10.024|
a<4>           |s<9>           |   10.602|
a<4>           |s<10>          |   11.806|
a<4>           |s<11>          |   12.654|
a<5>           |cout           |   11.935|
a<5>           |s<5>           |    6.665|
a<5>           |s<6>           |    7.400|
a<5>           |s<7>           |    9.050|
a<5>           |s<8>           |    9.441|
a<5>           |s<9>           |   10.019|
a<5>           |s<10>          |   11.223|
a<5>           |s<11>          |   12.071|
a<6>           |cout           |   11.484|
a<6>           |s<6>           |    6.914|
a<6>           |s<7>           |    8.599|
a<6>           |s<8>           |    8.990|
a<6>           |s<9>           |    9.568|
a<6>           |s<10>          |   10.772|
a<6>           |s<11>          |   11.620|
a<7>           |cout           |    9.685|
a<7>           |s<7>           |    6.519|
a<7>           |s<8>           |    7.191|
a<7>           |s<9>           |    7.769|
a<7>           |s<10>          |    8.973|
a<7>           |s<11>          |    9.821|
a<8>           |cout           |    9.091|
a<8>           |s<8>           |    6.559|
a<8>           |s<9>           |    7.175|
a<8>           |s<10>          |    8.379|
a<8>           |s<11>          |    9.227|
a<9>           |cout           |    8.092|
a<9>           |s<9>           |    6.149|
a<9>           |s<10>          |    7.380|
a<9>           |s<11>          |    8.228|
a<10>          |cout           |    6.959|
a<10>          |s<10>          |    6.231|
a<10>          |s<11>          |    7.095|
a<11>          |cout           |    5.819|
a<11>          |s<11>          |    5.799|
b<0>           |cout           |   16.616|
b<0>           |s<0>           |    7.031|
b<0>           |s<1>           |    8.503|
b<0>           |s<2>           |    9.063|
b<0>           |s<3>           |    9.974|
b<0>           |s<4>           |   10.660|
b<0>           |s<5>           |   11.368|
b<0>           |s<6>           |   12.081|
b<0>           |s<7>           |   13.731|
b<0>           |s<8>           |   14.122|
b<0>           |s<9>           |   14.700|
b<0>           |s<10>          |   15.904|
b<0>           |s<11>          |   16.752|
b<1>           |cout           |   15.964|
b<1>           |s<1>           |    7.419|
b<1>           |s<2>           |    8.411|
b<1>           |s<3>           |    9.322|
b<1>           |s<4>           |   10.008|
b<1>           |s<5>           |   10.716|
b<1>           |s<6>           |   11.429|
b<1>           |s<7>           |   13.079|
b<1>           |s<8>           |   13.470|
b<1>           |s<9>           |   14.048|
b<1>           |s<10>          |   15.252|
b<1>           |s<11>          |   16.100|
b<2>           |cout           |   14.238|
b<2>           |s<2>           |    7.103|
b<2>           |s<3>           |    7.596|
b<2>           |s<4>           |    8.282|
b<2>           |s<5>           |    8.990|
b<2>           |s<6>           |    9.703|
b<2>           |s<7>           |   11.353|
b<2>           |s<8>           |   11.744|
b<2>           |s<9>           |   12.322|
b<2>           |s<10>          |   13.526|
b<2>           |s<11>          |   14.374|
b<3>           |cout           |   14.031|
b<3>           |s<3>           |    7.445|
b<3>           |s<4>           |    8.075|
b<3>           |s<5>           |    8.783|
b<3>           |s<6>           |    9.496|
b<3>           |s<7>           |   11.146|
b<3>           |s<8>           |   11.537|
b<3>           |s<9>           |   12.115|
b<3>           |s<10>          |   13.319|
b<3>           |s<11>          |   14.167|
b<4>           |cout           |   12.844|
b<4>           |s<4>           |    6.999|
b<4>           |s<5>           |    7.596|
b<4>           |s<6>           |    8.309|
b<4>           |s<7>           |    9.959|
b<4>           |s<8>           |   10.350|
b<4>           |s<9>           |   10.928|
b<4>           |s<10>          |   12.132|
b<4>           |s<11>          |   12.980|
b<5>           |cout           |   11.606|
b<5>           |s<5>           |    6.302|
b<5>           |s<6>           |    7.071|
b<5>           |s<7>           |    8.721|
b<5>           |s<8>           |    9.112|
b<5>           |s<9>           |    9.690|
b<5>           |s<10>          |   10.894|
b<5>           |s<11>          |   11.742|
b<6>           |cout           |   11.201|
b<6>           |s<6>           |    6.794|
b<6>           |s<7>           |    8.316|
b<6>           |s<8>           |    8.707|
b<6>           |s<9>           |    9.285|
b<6>           |s<10>          |   10.489|
b<6>           |s<11>          |   11.337|
b<7>           |cout           |   10.214|
b<7>           |s<7>           |    6.274|
b<7>           |s<8>           |    7.720|
b<7>           |s<9>           |    8.298|
b<7>           |s<10>          |    9.502|
b<7>           |s<11>          |   10.350|
b<8>           |cout           |    9.464|
b<8>           |s<8>           |    6.837|
b<8>           |s<9>           |    7.548|
b<8>           |s<10>          |    8.752|
b<8>           |s<11>          |    9.600|
b<9>           |cout           |    8.769|
b<9>           |s<9>           |    6.803|
b<9>           |s<10>          |    8.057|
b<9>           |s<11>          |    8.905|
b<10>          |cout           |    6.939|
b<10>          |s<10>          |    6.322|
b<10>          |s<11>          |    7.075|
b<11>          |cout           |    6.262|
b<11>          |s<11>          |    6.387|
cin            |cout           |   17.009|
cin            |s<0>           |    7.686|
cin            |s<1>           |    8.896|
cin            |s<2>           |    9.456|
cin            |s<3>           |   10.367|
cin            |s<4>           |   11.053|
cin            |s<5>           |   11.761|
cin            |s<6>           |   12.474|
cin            |s<7>           |   14.124|
cin            |s<8>           |   14.515|
cin            |s<9>           |   15.093|
cin            |s<10>          |   16.297|
cin            |s<11>          |   17.145|
---------------+---------------+---------+


Analysis completed Sun Mar 05 06:24:08 2023 
--------------------------------------------------------------------------------

Trace Settings:
-------------------------
Trace Settings 

Peak Memory Usage: 168 MB



