--------------------------------------------------------------------------------
Release 14.7 Trace  (nt64)
Copyright (c) 1995-2013 Xilinx, Inc.  All rights reserved.

E:\ISE\14.7\ISE_DS\ISE\bin\nt64\unwrapped\trce.exe -intstyle ise -v 3 -s 5 -n 3
-fastpaths -xml alu.twx alu.ncd -o alu.twr alu.pcf

Design file:              alu.ncd
Physical constraint file: alu.pcf
Device,package,speed:     xc3s100e,vq100,-5 (PRODUCTION 1.27 2013-10-13)
Report level:             verbose report

Environment Variable      Effect 
--------------------      ------ 
NONE                      No environment variables were set
--------------------------------------------------------------------------------

INFO:Timing:2698 - No timing constraints found, doing default enumeration.
INFO:Timing:3412 - To improve timing, see the Timing Closure User Guide (UG612).
INFO:Timing:2752 - To get complete path coverage, use the unconstrained paths 
   option. All paths that are not constrained will be reported in the 
   unconstrained paths section(s) of the report.
INFO:Timing:3339 - The clock-to-out numbers in this timing report are based on 
   a 50 Ohm transmission line loading model.  For the details of this model, 
   and for more information on accounting for different loading conditions, 
   please see the device datasheet.
INFO:Timing:3390 - This architecture does not support a default System Jitter 
   value, please add SYSTEM_JITTER constraint to the UCF to modify the Clock 
   Uncertainty calculation.
INFO:Timing:3389 - This architecture does not support 'Discrete Jitter' and 
   'Phase Error' calculations, these terms will be zero in the Clock 
   Uncertainty calculation.  Please make appropriate modification to 
   SYSTEM_JITTER to account for the unsupported Discrete Jitter and Phase 
   Error.



Data Sheet report:
-----------------
All values displayed in nanoseconds (ns)

Setup/Hold to clock OP<0>
------------+------------+------------+------------------+--------+
            |Max Setup to|Max Hold to |                  | Clock  |
Source      | clk (edge) | clk (edge) |Internal Clock(s) | Phase  |
------------+------------+------------+------------------+--------+
A<0>        |    5.506(F)|   -2.726(F)|CarryOut_not0001  |   0.000|
            |    7.597(F)|   -0.482(F)|OV_not0001        |   0.000|
A<1>        |    5.198(F)|   -2.439(F)|CarryOut_not0001  |   0.000|
            |    7.289(F)|   -0.499(F)|OV_not0001        |   0.000|
A<2>        |    5.615(F)|   -2.195(F)|CarryOut_not0001  |   0.000|
            |    7.689(F)|   -0.193(F)|OV_not0001        |   0.000|
A<3>        |    4.952(F)|   -2.277(F)|CarryOut_not0001  |   0.000|
            |    7.026(F)|   -0.080(F)|OV_not0001        |   0.000|
A<4>        |    5.206(F)|   -2.212(F)|CarryOut_not0001  |   0.000|
            |    7.280(F)|    0.044(F)|OV_not0001        |   0.000|
A<5>        |    4.621(F)|   -1.865(F)|CarryOut_not0001  |   0.000|
            |    6.712(F)|    0.058(F)|OV_not0001        |   0.000|
A<6>        |    5.365(F)|   -1.607(F)|CarryOut_not0001  |   0.000|
            |    7.439(F)|   -0.358(F)|OV_not0001        |   0.000|
A<7>        |    5.278(F)|   -2.209(F)|CarryOut_not0001  |   0.000|
            |    7.352(F)|   -0.476(F)|OV_not0001        |   0.000|
A<8>        |    4.707(F)|   -1.836(F)|CarryOut_not0001  |   0.000|
            |    6.781(F)|    0.093(F)|OV_not0001        |   0.000|
A<9>        |    4.077(F)|   -1.404(F)|CarryOut_not0001  |   0.000|
            |    6.168(F)|   -0.338(F)|OV_not0001        |   0.000|
A<10>       |    4.336(F)|   -1.534(F)|CarryOut_not0001  |   0.000|
            |    6.173(F)|   -0.019(F)|OV_not0001        |   0.000|
A<11>       |    4.883(F)|   -2.040(F)|CarryOut_not0001  |   0.000|
            |    6.503(F)|   -0.559(F)|OV_not0001        |   0.000|
B<0>        |    4.821(F)|   -1.988(F)|CarryOut_not0001  |   0.000|
            |    6.895(F)|   -3.320(F)|OV_not0001        |   0.000|
B<1>        |    4.986(F)|   -2.090(F)|CarryOut_not0001  |   0.000|
            |    7.060(F)|   -3.422(F)|OV_not0001        |   0.000|
B<2>        |    4.494(F)|   -1.924(F)|CarryOut_not0001  |   0.000|
            |    6.585(F)|   -3.269(F)|OV_not0001        |   0.000|
B<3>        |    4.445(F)|   -1.816(F)|CarryOut_not0001  |   0.000|
            |    6.536(F)|   -3.161(F)|OV_not0001        |   0.000|
B<4>        |    4.783(F)|   -1.890(F)|CarryOut_not0001  |   0.000|
            |    6.857(F)|   -3.222(F)|OV_not0001        |   0.000|
B<5>        |    4.473(F)|   -1.926(F)|CarryOut_not0001  |   0.000|
            |    6.547(F)|   -3.258(F)|OV_not0001        |   0.000|
B<6>        |    4.601(F)|   -1.907(F)|CarryOut_not0001  |   0.000|
            |    6.675(F)|   -3.239(F)|OV_not0001        |   0.000|
B<7>        |    4.299(F)|   -1.733(F)|CarryOut_not0001  |   0.000|
            |    6.373(F)|   -3.065(F)|OV_not0001        |   0.000|
B<8>        |    4.230(F)|   -1.349(F)|CarryOut_not0001  |   0.000|
            |    6.304(F)|   -2.681(F)|OV_not0001        |   0.000|
B<9>        |    4.413(F)|   -1.619(F)|CarryOut_not0001  |   0.000|
            |    6.487(F)|   -2.951(F)|OV_not0001        |   0.000|
B<10>       |    3.955(F)|   -1.472(F)|CarryOut_not0001  |   0.000|
            |    5.886(F)|   -1.654(F)|OV_not0001        |   0.000|
B<11>       |    3.742(F)|   -1.399(F)|CarryOut_not0001  |   0.000|
            |    5.314(F)|   -0.013(F)|OV_not0001        |   0.000|
------------+------------+------------+------------------+--------+

Setup/Hold to clock OP<1>
------------+------------+------------+------------------+--------+
            |Max Setup to|Max Hold to |                  | Clock  |
Source      | clk (edge) | clk (edge) |Internal Clock(s) | Phase  |
------------+------------+------------+------------------+--------+
A<0>        |    5.432(F)|   -2.634(F)|CarryOut_not0001  |   0.000|
            |    7.523(F)|   -0.391(F)|OV_not0001        |   0.000|
A<1>        |    5.124(F)|   -2.347(F)|CarryOut_not0001  |   0.000|
            |    7.215(F)|   -0.408(F)|OV_not0001        |   0.000|
A<2>        |    5.541(F)|   -2.103(F)|CarryOut_not0001  |   0.000|
            |    7.615(F)|   -0.102(F)|OV_not0001        |   0.000|
A<3>        |    4.878(F)|   -2.185(F)|CarryOut_not0001  |   0.000|
            |    6.952(F)|    0.011(F)|OV_not0001        |   0.000|
A<4>        |    5.132(F)|   -2.120(F)|CarryOut_not0001  |   0.000|
            |    7.206(F)|    0.135(F)|OV_not0001        |   0.000|
A<5>        |    4.547(F)|   -1.773(F)|CarryOut_not0001  |   0.000|
            |    6.638(F)|    0.149(F)|OV_not0001        |   0.000|
A<6>        |    5.291(F)|   -1.515(F)|CarryOut_not0001  |   0.000|
            |    7.365(F)|   -0.267(F)|OV_not0001        |   0.000|
A<7>        |    5.204(F)|   -2.117(F)|CarryOut_not0001  |   0.000|
            |    7.278(F)|   -0.385(F)|OV_not0001        |   0.000|
A<8>        |    4.633(F)|   -1.744(F)|CarryOut_not0001  |   0.000|
            |    6.707(F)|    0.184(F)|OV_not0001        |   0.000|
A<9>        |    4.003(F)|   -1.312(F)|CarryOut_not0001  |   0.000|
            |    6.094(F)|   -0.247(F)|OV_not0001        |   0.000|
A<10>       |    4.262(F)|   -1.442(F)|CarryOut_not0001  |   0.000|
            |    6.099(F)|    0.072(F)|OV_not0001        |   0.000|
A<11>       |    4.809(F)|   -1.948(F)|CarryOut_not0001  |   0.000|
            |    6.429(F)|   -0.468(F)|OV_not0001        |   0.000|
B<0>        |    4.747(F)|   -1.896(F)|CarryOut_not0001  |   0.000|
            |    6.821(F)|   -3.229(F)|OV_not0001        |   0.000|
B<1>        |    4.912(F)|   -1.998(F)|CarryOut_not0001  |   0.000|
            |    6.986(F)|   -3.331(F)|OV_not0001        |   0.000|
B<2>        |    4.420(F)|   -1.832(F)|CarryOut_not0001  |   0.000|
            |    6.511(F)|   -3.178(F)|OV_not0001        |   0.000|
B<3>        |    4.371(F)|   -1.724(F)|CarryOut_not0001  |   0.000|
            |    6.462(F)|   -3.070(F)|OV_not0001        |   0.000|
B<4>        |    4.709(F)|   -1.798(F)|CarryOut_not0001  |   0.000|
            |    6.783(F)|   -3.131(F)|OV_not0001        |   0.000|
B<5>        |    4.399(F)|   -1.834(F)|CarryOut_not0001  |   0.000|
            |    6.473(F)|   -3.167(F)|OV_not0001        |   0.000|
B<6>        |    4.527(F)|   -1.815(F)|CarryOut_not0001  |   0.000|
            |    6.601(F)|   -3.148(F)|OV_not0001        |   0.000|
B<7>        |    4.225(F)|   -1.641(F)|CarryOut_not0001  |   0.000|
            |    6.299(F)|   -2.974(F)|OV_not0001        |   0.000|
B<8>        |    4.156(F)|   -1.257(F)|CarryOut_not0001  |   0.000|
            |    6.230(F)|   -2.590(F)|OV_not0001        |   0.000|
B<9>        |    4.339(F)|   -1.527(F)|CarryOut_not0001  |   0.000|
            |    6.413(F)|   -2.860(F)|OV_not0001        |   0.000|
B<10>       |    3.881(F)|   -1.380(F)|CarryOut_not0001  |   0.000|
            |    5.812(F)|   -1.563(F)|OV_not0001        |   0.000|
B<11>       |    3.668(F)|   -1.307(F)|CarryOut_not0001  |   0.000|
            |    5.240(F)|    0.078(F)|OV_not0001        |   0.000|
------------+------------+------------+------------------+--------+

Setup/Hold to clock OP<2>
------------+------------+------------+------------------+--------+
            |Max Setup to|Max Hold to |                  | Clock  |
Source      | clk (edge) | clk (edge) |Internal Clock(s) | Phase  |
------------+------------+------------+------------------+--------+
A<0>        |    5.700(F)|   -2.970(F)|CarryOut_not0001  |   0.000|
            |    8.700(F)|   -1.862(F)|OV_not0001        |   0.000|
A<1>        |    5.392(F)|   -2.683(F)|CarryOut_not0001  |   0.000|
            |    8.392(F)|   -1.879(F)|OV_not0001        |   0.000|
A<2>        |    5.809(F)|   -2.439(F)|CarryOut_not0001  |   0.000|
            |    8.792(F)|   -1.573(F)|OV_not0001        |   0.000|
A<3>        |    5.146(F)|   -2.521(F)|CarryOut_not0001  |   0.000|
            |    8.129(F)|   -1.460(F)|OV_not0001        |   0.000|
A<4>        |    5.400(F)|   -2.456(F)|CarryOut_not0001  |   0.000|
            |    8.383(F)|   -1.336(F)|OV_not0001        |   0.000|
A<5>        |    4.815(F)|   -2.109(F)|CarryOut_not0001  |   0.000|
            |    7.815(F)|   -1.322(F)|OV_not0001        |   0.000|
A<6>        |    5.559(F)|   -1.851(F)|CarryOut_not0001  |   0.000|
            |    8.542(F)|   -1.738(F)|OV_not0001        |   0.000|
A<7>        |    5.472(F)|   -2.453(F)|CarryOut_not0001  |   0.000|
            |    8.455(F)|   -1.856(F)|OV_not0001        |   0.000|
A<8>        |    4.901(F)|   -2.080(F)|CarryOut_not0001  |   0.000|
            |    7.884(F)|   -1.287(F)|OV_not0001        |   0.000|
A<9>        |    4.271(F)|   -1.648(F)|CarryOut_not0001  |   0.000|
            |    7.271(F)|   -1.718(F)|OV_not0001        |   0.000|
A<10>       |    4.530(F)|   -1.778(F)|CarryOut_not0001  |   0.000|
            |    7.276(F)|   -1.399(F)|OV_not0001        |   0.000|
A<11>       |    5.077(F)|   -2.284(F)|CarryOut_not0001  |   0.000|
            |    7.606(F)|   -1.939(F)|OV_not0001        |   0.000|
B<0>        |    5.015(F)|   -2.232(F)|CarryOut_not0001  |   0.000|
            |    7.998(F)|   -4.700(F)|OV_not0001        |   0.000|
B<1>        |    5.180(F)|   -2.334(F)|CarryOut_not0001  |   0.000|
            |    8.163(F)|   -4.802(F)|OV_not0001        |   0.000|
B<2>        |    4.688(F)|   -2.168(F)|CarryOut_not0001  |   0.000|
            |    7.688(F)|   -4.649(F)|OV_not0001        |   0.000|
B<3>        |    4.639(F)|   -2.060(F)|CarryOut_not0001  |   0.000|
            |    7.639(F)|   -4.541(F)|OV_not0001        |   0.000|
B<4>        |    4.977(F)|   -2.134(F)|CarryOut_not0001  |   0.000|
            |    7.960(F)|   -4.602(F)|OV_not0001        |   0.000|
B<5>        |    4.667(F)|   -2.170(F)|CarryOut_not0001  |   0.000|
            |    7.650(F)|   -4.638(F)|OV_not0001        |   0.000|
B<6>        |    4.795(F)|   -2.151(F)|CarryOut_not0001  |   0.000|
            |    7.778(F)|   -4.619(F)|OV_not0001        |   0.000|
B<7>        |    4.493(F)|   -1.977(F)|CarryOut_not0001  |   0.000|
            |    7.476(F)|   -4.445(F)|OV_not0001        |   0.000|
B<8>        |    4.424(F)|   -1.593(F)|CarryOut_not0001  |   0.000|
            |    7.407(F)|   -4.061(F)|OV_not0001        |   0.000|
B<9>        |    4.607(F)|   -1.863(F)|CarryOut_not0001  |   0.000|
            |    7.590(F)|   -4.331(F)|OV_not0001        |   0.000|
B<10>       |    4.149(F)|   -1.716(F)|CarryOut_not0001  |   0.000|
            |    6.989(F)|   -3.034(F)|OV_not0001        |   0.000|
B<11>       |    3.936(F)|   -1.643(F)|CarryOut_not0001  |   0.000|
            |    6.417(F)|   -1.393(F)|OV_not0001        |   0.000|
------------+------------+------------+------------------+--------+

Clock OP<0> to Pad
------------+------------+------------------+--------+
            | clk (edge) |                  | Clock  |
Destination |   to PAD   |Internal Clock(s) | Phase  |
------------+------------+------------------+--------+
CarryOut    |    6.634(F)|CarryOut_not0001  |   0.000|
OV          |    7.588(F)|OV_not0001        |   0.000|
------------+------------+------------------+--------+

Clock OP<1> to Pad
------------+------------+------------------+--------+
            | clk (edge) |                  | Clock  |
Destination |   to PAD   |Internal Clock(s) | Phase  |
------------+------------+------------------+--------+
CarryOut    |    6.726(F)|CarryOut_not0001  |   0.000|
OV          |    7.679(F)|OV_not0001        |   0.000|
------------+------------+------------------+--------+

Clock OP<2> to Pad
------------+------------+------------------+--------+
            | clk (edge) |                  | Clock  |
Destination |   to PAD   |Internal Clock(s) | Phase  |
------------+------------+------------------+--------+
CarryOut    |    6.390(F)|CarryOut_not0001  |   0.000|
OV          |    6.208(F)|OV_not0001        |   0.000|
------------+------------+------------------+--------+

Clock to Setup on destination clock OP<0>
---------------+---------+---------+---------+---------+
               | Src:Rise| Src:Fall| Src:Rise| Src:Fall|
Source Clock   |Dest:Rise|Dest:Rise|Dest:Fall|Dest:Fall|
---------------+---------+---------+---------+---------+
OP<0>          |         |         |    4.470|    4.470|
OP<1>          |         |         |    4.154|    4.154|
OP<2>          |         |         |    5.178|    5.178|
---------------+---------+---------+---------+---------+

Clock to Setup on destination clock OP<1>
---------------+---------+---------+---------+---------+
               | Src:Rise| Src:Fall| Src:Rise| Src:Fall|
Source Clock   |Dest:Rise|Dest:Rise|Dest:Fall|Dest:Fall|
---------------+---------+---------+---------+---------+
OP<0>          |         |         |    4.396|    4.396|
OP<1>          |         |         |    4.080|    4.080|
OP<2>          |         |         |    5.104|    5.104|
---------------+---------+---------+---------+---------+

Clock to Setup on destination clock OP<2>
---------------+---------+---------+---------+---------+
               | Src:Rise| Src:Fall| Src:Rise| Src:Fall|
Source Clock   |Dest:Rise|Dest:Rise|Dest:Fall|Dest:Fall|
---------------+---------+---------+---------+---------+
OP<0>          |         |         |    5.573|    5.573|
OP<1>          |         |         |    5.257|    5.257|
OP<2>          |         |         |    6.281|    6.281|
---------------+---------+---------+---------+---------+

Pad to Pad
---------------+---------------+---------+
Source Pad     |Destination Pad|  Delay  |
---------------+---------------+---------+
A<0>           |Sign           |   12.113|
A<0>           |Z<0>           |   10.210|
A<0>           |Z<1>           |   10.960|
A<0>           |Z<2>           |   10.961|
A<0>           |Z<3>           |   10.793|
A<0>           |Z<4>           |   10.217|
A<0>           |Z<5>           |   11.001|
A<0>           |Z<6>           |   10.764|
A<0>           |Z<7>           |   11.116|
A<0>           |Z<8>           |   10.882|
A<0>           |Z<9>           |   11.260|
A<0>           |Z<10>          |   11.090|
A<0>           |Z<11>          |   11.239|
A<1>           |Sign           |   11.805|
A<1>           |Z<1>           |   10.846|
A<1>           |Z<2>           |   11.064|
A<1>           |Z<3>           |   10.896|
A<1>           |Z<4>           |   10.320|
A<1>           |Z<5>           |   11.031|
A<1>           |Z<6>           |   10.488|
A<1>           |Z<7>           |   10.927|
A<1>           |Z<8>           |   10.985|
A<1>           |Z<9>           |   10.952|
A<1>           |Z<10>          |   10.907|
A<1>           |Z<11>          |   10.931|
A<2>           |Sign           |   12.205|
A<2>           |Z<2>           |   10.297|
A<2>           |Z<3>           |   10.377|
A<2>           |Z<4>           |   10.029|
A<2>           |Z<5>           |   10.901|
A<2>           |Z<6>           |   10.893|
A<2>           |Z<7>           |   11.245|
A<2>           |Z<8>           |   10.945|
A<2>           |Z<9>           |   11.259|
A<2>           |Z<10>          |   11.219|
A<2>           |Z<11>          |   11.331|
A<3>           |Sign           |   11.542|
A<3>           |Z<3>           |    9.894|
A<3>           |Z<4>           |    9.772|
A<3>           |Z<5>           |   10.483|
A<3>           |Z<6>           |   10.230|
A<3>           |Z<7>           |   10.582|
A<3>           |Z<8>           |   10.437|
A<3>           |Z<9>           |   10.674|
A<3>           |Z<10>          |   10.556|
A<3>           |Z<11>          |   10.668|
A<4>           |Sign           |   11.796|
A<4>           |Z<4>           |    9.232|
A<4>           |Z<5>           |   10.255|
A<4>           |Z<6>           |   10.484|
A<4>           |Z<7>           |   10.836|
A<4>           |Z<8>           |   10.536|
A<4>           |Z<9>           |   10.850|
A<4>           |Z<10>          |   10.810|
A<4>           |Z<11>          |   10.922|
A<5>           |Sign           |   11.228|
A<5>           |Z<5>           |    9.802|
A<5>           |Z<6>           |    9.877|
A<5>           |Z<7>           |   10.194|
A<5>           |Z<8>           |   10.210|
A<5>           |Z<9>           |   10.375|
A<5>           |Z<10>          |   10.132|
A<5>           |Z<11>          |   10.354|
A<6>           |Sign           |   11.955|
A<6>           |Z<6>           |   10.255|
A<6>           |Z<7>           |   10.758|
A<6>           |Z<8>           |   10.695|
A<6>           |Z<9>           |   11.009|
A<6>           |Z<10>          |   10.969|
A<6>           |Z<11>          |   11.081|
A<7>           |Sign           |   11.868|
A<7>           |Z<7>           |   10.454|
A<7>           |Z<8>           |   10.608|
A<7>           |Z<9>           |   10.922|
A<7>           |Z<10>          |   10.882|
A<7>           |Z<11>          |   10.994|
A<8>           |Sign           |   11.297|
A<8>           |Z<8>           |    9.649|
A<8>           |Z<9>           |   10.114|
A<8>           |Z<10>          |   10.311|
A<8>           |Z<11>          |   10.423|
A<9>           |Sign           |   10.684|
A<9>           |Z<9>           |    9.329|
A<9>           |Z<10>          |    9.812|
A<9>           |Z<11>          |    9.810|
A<10>          |Sign           |   10.689|
A<10>          |Z<10>          |    9.572|
A<10>          |Z<11>          |    9.815|
A<11>          |Sign           |   11.019|
A<11>          |Z<0>           |    8.850|
A<11>          |Z<1>           |   10.604|
A<11>          |Z<2>           |   10.050|
A<11>          |Z<3>           |    9.326|
A<11>          |Z<4>           |    9.502|
A<11>          |Z<5>           |    9.096|
A<11>          |Z<6>           |    9.323|
A<11>          |Z<7>           |    9.308|
A<11>          |Z<8>           |    9.564|
A<11>          |Z<9>           |    8.744|
A<11>          |Z<10>          |    9.178|
A<11>          |Z<11>          |   10.145|
B<0>           |Sign           |   11.411|
B<0>           |Z<0>           |    9.487|
B<0>           |Z<1>           |    9.945|
B<0>           |Z<2>           |    9.891|
B<0>           |Z<3>           |    9.820|
B<0>           |Z<4>           |    9.235|
B<0>           |Z<5>           |   10.107|
B<0>           |Z<6>           |   10.099|
B<0>           |Z<7>           |   10.451|
B<0>           |Z<8>           |   10.151|
B<0>           |Z<9>           |   10.465|
B<0>           |Z<10>          |   10.425|
B<0>           |Z<11>          |   10.537|
B<1>           |Sign           |   11.576|
B<1>           |Z<1>           |    9.893|
B<1>           |Z<2>           |   10.056|
B<1>           |Z<3>           |    9.985|
B<1>           |Z<4>           |    9.400|
B<1>           |Z<5>           |   10.272|
B<1>           |Z<6>           |   10.264|
B<1>           |Z<7>           |   10.616|
B<1>           |Z<8>           |   10.316|
B<1>           |Z<9>           |   10.630|
B<1>           |Z<10>          |   10.590|
B<1>           |Z<11>          |   10.702|
B<2>           |Sign           |   11.101|
B<2>           |Z<2>           |    9.306|
B<2>           |Z<3>           |    9.143|
B<2>           |Z<4>           |    8.983|
B<2>           |Z<5>           |    9.989|
B<2>           |Z<6>           |    9.750|
B<2>           |Z<7>           |   10.067|
B<2>           |Z<8>           |    9.798|
B<2>           |Z<9>           |   10.248|
B<2>           |Z<10>          |    9.985|
B<2>           |Z<11>          |   10.227|
B<3>           |Sign           |   11.052|
B<3>           |Z<3>           |    8.735|
B<3>           |Z<4>           |    8.934|
B<3>           |Z<5>           |    9.940|
B<3>           |Z<6>           |    9.701|
B<3>           |Z<7>           |   10.018|
B<3>           |Z<8>           |    9.749|
B<3>           |Z<9>           |   10.199|
B<3>           |Z<10>          |    9.936|
B<3>           |Z<11>          |   10.178|
B<4>           |Sign           |   11.373|
B<4>           |Z<4>           |    8.809|
B<4>           |Z<5>           |    9.832|
B<4>           |Z<6>           |   10.061|
B<4>           |Z<7>           |   10.413|
B<4>           |Z<8>           |   10.113|
B<4>           |Z<9>           |   10.427|
B<4>           |Z<10>          |   10.387|
B<4>           |Z<11>          |   10.499|
B<5>           |Sign           |   11.063|
B<5>           |Z<5>           |    9.305|
B<5>           |Z<6>           |    9.751|
B<5>           |Z<7>           |   10.103|
B<5>           |Z<8>           |    9.803|
B<5>           |Z<9>           |   10.117|
B<5>           |Z<10>          |   10.077|
B<5>           |Z<11>          |   10.189|
B<6>           |Sign           |   11.191|
B<6>           |Z<6>           |    9.491|
B<6>           |Z<7>           |    9.994|
B<6>           |Z<8>           |    9.931|
B<6>           |Z<9>           |   10.245|
B<6>           |Z<10>          |   10.205|
B<6>           |Z<11>          |   10.317|
B<7>           |Sign           |   10.889|
B<7>           |Z<7>           |    9.475|
B<7>           |Z<8>           |    9.629|
B<7>           |Z<9>           |    9.943|
B<7>           |Z<10>          |    9.903|
B<7>           |Z<11>          |   10.015|
B<8>           |Sign           |   10.820|
B<8>           |Z<8>           |    9.172|
B<8>           |Z<9>           |    9.637|
B<8>           |Z<10>          |    9.834|
B<8>           |Z<11>          |    9.946|
B<9>           |Sign           |   11.003|
B<9>           |Z<9>           |    9.603|
B<9>           |Z<10>          |   10.017|
B<9>           |Z<11>          |   10.129|
B<10>          |Sign           |   10.402|
B<10>          |Z<10>          |    9.088|
B<10>          |Z<11>          |    9.528|
B<11>          |Sign           |    9.830|
B<11>          |Z<11>          |    8.956|
OP<0>          |Sign           |    8.986|
OP<0>          |Z<0>           |    7.938|
OP<0>          |Z<1>           |    8.326|
OP<0>          |Z<2>           |    8.631|
OP<0>          |Z<3>           |    7.815|
OP<0>          |Z<4>           |    7.729|
OP<0>          |Z<5>           |    7.760|
OP<0>          |Z<6>           |    7.281|
OP<0>          |Z<7>           |    7.982|
OP<0>          |Z<8>           |    7.736|
OP<0>          |Z<9>           |    7.586|
OP<0>          |Z<10>          |    7.777|
OP<0>          |Z<11>          |    8.112|
OP<1>          |Sign           |    8.670|
OP<1>          |Z<0>           |    7.996|
OP<1>          |Z<1>           |    8.734|
OP<1>          |Z<2>           |    8.642|
OP<1>          |Z<3>           |    8.436|
OP<1>          |Z<4>           |    7.755|
OP<1>          |Z<5>           |    7.390|
OP<1>          |Z<6>           |    7.606|
OP<1>          |Z<7>           |    7.375|
OP<1>          |Z<8>           |    8.150|
OP<1>          |Z<9>           |    7.658|
OP<1>          |Z<10>          |    8.062|
OP<1>          |Z<11>          |    7.796|
OP<2>          |Sign           |    9.694|
OP<2>          |Z<0>           |    7.775|
OP<2>          |Z<1>           |    8.467|
OP<2>          |Z<2>           |    8.500|
OP<2>          |Z<3>           |    8.022|
OP<2>          |Z<4>           |    7.737|
OP<2>          |Z<5>           |    7.732|
OP<2>          |Z<6>           |    7.653|
OP<2>          |Z<7>           |    7.967|
OP<2>          |Z<8>           |    7.710|
OP<2>          |Z<9>           |    7.698|
OP<2>          |Z<10>          |    7.863|
OP<2>          |Z<11>          |    8.820|
---------------+---------------+---------+


Analysis completed Mon Mar 13 07:16:53 2023 
--------------------------------------------------------------------------------

Trace Settings:
-------------------------
Trace Settings 

Peak Memory Usage: 170 MB



