Release 14.7 - xst P.20131013 (nt64)
Copyright (c) 1995-2013 Xilinx, Inc.  All rights reserved.
--> Parameter TMPDIR set to xst/projnav.tmp


Total REAL time to Xst completion: 0.00 secs
Total CPU time to Xst completion: 0.08 secs
 
--> Parameter xsthdpdir set to xst


Total REAL time to Xst completion: 0.00 secs
Total CPU time to Xst completion: 0.08 secs
 
--> Reading design: FIFO.prj

TABLE OF CONTENTS
  1) Synthesis Options Summary
  2) HDL Compilation
  3) Design Hierarchy Analysis
  4) HDL Analysis
  5) HDL Synthesis
     5.1) HDL Synthesis Report
  6) Advanced HDL Synthesis
     6.1) Advanced HDL Synthesis Report
  7) Low Level Synthesis
  8) Partition Report
  9) Final Report
	9.1) Device utilization summary
	9.2) Partition Resource Summary
	9.3) TIMING REPORT


=========================================================================
*                      Synthesis Options Summary                        *
=========================================================================
---- Source Parameters
Input File Name                    : "FIFO.prj"
Input Format                       : mixed
Ignore Synthesis Constraint File   : NO

---- Target Parameters
Output File Name                   : "FIFO"
Output Format                      : NGC
Target Device                      : xc3s100e-5-vq100

---- Source Options
Top Module Name                    : FIFO
Automatic FSM Extraction           : YES
FSM Encoding Algorithm             : Auto
Safe Implementation                : No
FSM Style                          : LUT
RAM Extraction                     : Yes
RAM Style                          : Auto
ROM Extraction                     : Yes
Mux Style                          : Auto
Decoder Extraction                 : YES
Priority Encoder Extraction        : Yes
Shift Register Extraction          : YES
Logical Shifter Extraction         : YES
XOR Collapsing                     : YES
ROM Style                          : Auto
Mux Extraction                     : Yes
Resource Sharing                   : YES
Asynchronous To Synchronous        : NO
Multiplier Style                   : Auto
Automatic Register Balancing       : No

---- Target Options
Add IO Buffers                     : YES
Global Maximum Fanout              : 100000
Add Generic Clock Buffer(BUFG)     : 24
Register Duplication               : YES
Slice Packing                      : YES
Optimize Instantiated Primitives   : NO
Use Clock Enable                   : Yes
Use Synchronous Set                : Yes
Use Synchronous Reset              : Yes
Pack IO Registers into IOBs        : Auto
Equivalent register Removal        : YES

---- General Options
Optimization Goal                  : Speed
Optimization Effort                : 1
Keep Hierarchy                     : No
Netlist Hierarchy                  : As_Optimized
RTL Output                         : Yes
Global Optimization                : AllClockNets
Read Cores                         : YES
Write Timing Constraints           : NO
Cross Clock Analysis               : NO
Hierarchy Separator                : /
Bus Delimiter                      : <>
Case Specifier                     : Maintain
Slice Utilization Ratio            : 100
BRAM Utilization Ratio             : 100
Verilog 2001                       : YES
Auto BRAM Packing                  : NO
Slice Utilization Ratio Delta      : 5

=========================================================================


=========================================================================
*                          HDL Compilation                              *
=========================================================================
Compiling verilog file "FIFO.v" in library work
Module <FIFO> compiled
No errors in compilation
Analysis of file <"FIFO.prj"> succeeded.
 

=========================================================================
*                     Design Hierarchy Analysis                         *
=========================================================================
Analyzing hierarchy for module <FIFO> in library <work> with parameters.
	ADDR_WIDTH = "00000000000000000000000000001000"
	DATA_WIDTH = "00000000000000000000000000001010"
	MEM_SIZE = "00000000000000000000000100000000"


=========================================================================
*                            HDL Analysis                               *
=========================================================================
Analyzing top module <FIFO>.
	ADDR_WIDTH = 32'sb00000000000000000000000000001000
	DATA_WIDTH = 32'sb00000000000000000000000000001010
	MEM_SIZE = 32'sb00000000000000000000000100000000
INFO:Xst:1433 - Contents of array <MEM> may be accessed with an index that exceeds the array size. This could cause simulation mismatch.
INFO:Xst:1433 - Contents of array <MEM> may be accessed with an index that exceeds the array size. This could cause simulation mismatch.
WARNING:Xst:1464 - "FIFO.v" line 56: Exactly equal expression will be synthesized as an equal expression, simulation mismatch is possible.
Module <FIFO> is correct for synthesis.
 

=========================================================================
*                           HDL Synthesis                               *
=========================================================================

Performing bidirectional port resolution...

Synthesizing Unit <FIFO>.
    Related source file is "FIFO.v".
WARNING:Xst:647 - Input <RST> is never used. This port will be preserved and left unconnected if it belongs to a top-level block or it belongs to a sub-block and the hierarchy of this sub-block is preserved.
WARNING:Xst:1872 - Variable <TMP_index> is used but never assigned.
    Found 256x10-bit dual-port RAM <Mram_MEM> for signal <MEM>.
    Found 10-bit tristate buffer for signal <Dout>.
    Found 9-bit adder for signal <old_rdIndex_1$addsub0000> created at line 50.
    Found 9-bit adder for signal <old_wrIndex_2$addsub0000> created at line 46.
    Found 9-bit register for signal <rdIndex>.
    Found 10-bit register for signal <TMP_Dout>.
    Found 1-bit register for signal <TMP_Empty>.
    Found 8-bit comparator equal for signal <TMP_Empty$cmp_eq0001> created at line 56.
    Found 1-bit xor2 for signal <TMP_Empty$xor0000> created at line 52.
    Found 1-bit register for signal <TMP_Full>.
    Found 9-bit register for signal <wrIndex>.
    Summary:
	inferred   1 RAM(s).
	inferred  30 D-type flip-flop(s).
	inferred   2 Adder/Subtractor(s).
	inferred   1 Comparator(s).
	inferred  10 Tristate(s).
Unit <FIFO> synthesized.


=========================================================================
HDL Synthesis Report

Macro Statistics
# RAMs                                                 : 1
 256x10-bit dual-port RAM                              : 1
# Adders/Subtractors                                   : 2
 9-bit adder                                           : 2
# Registers                                            : 5
 1-bit register                                        : 2
 10-bit register                                       : 1
 9-bit register                                        : 2
# Comparators                                          : 1
 8-bit comparator equal                                : 1
# Tristates                                            : 1
 10-bit tristate buffer                                : 1
# Xors                                                 : 1
 1-bit xor2                                            : 1

=========================================================================

=========================================================================
*                       Advanced HDL Synthesis                          *
=========================================================================


Synthesizing (advanced) Unit <FIFO>.
INFO:Xst:3226 - The RAM <Mram_MEM> will be implemented as a BLOCK RAM, absorbing the following register(s): <TMP_Dout>
    -----------------------------------------------------------------------
    | ram_type           | Block                               |          |
    -----------------------------------------------------------------------
    | Port A                                                              |
    |     aspect ratio   | 256-word x 10-bit                   |          |
    |     mode           | read-first                          |          |
    |     clkA           | connected to signal <CLK>           | rise     |
    |     weA            | connected to signal <WR_EN>         | high     |
    |     addrA          | connected to signal <wrIndex>       |          |
    |     diA            | connected to signal <Din>           |          |
    -----------------------------------------------------------------------
    | optimization       | speed                               |          |
    -----------------------------------------------------------------------
    | Port B                                                              |
    |     aspect ratio   | 256-word x 10-bit                   |          |
    |     mode           | write-first                         |          |
    |     clkB           | connected to signal <CLK>           | rise     |
    |     enB            | connected to signal <RD_EN>         | high     |
    |     addrB          | connected to signal <rdIndex>       |          |
    |     doB            | connected to signal <TMP_Dout>      |          |
    -----------------------------------------------------------------------
    | optimization       | speed                               |          |
    -----------------------------------------------------------------------
Unit <FIFO> synthesized (advanced).

=========================================================================
Advanced HDL Synthesis Report

Macro Statistics
# RAMs                                                 : 1
 256x10-bit dual-port block RAM                        : 1
# Adders/Subtractors                                   : 2
 9-bit adder                                           : 2
# Registers                                            : 20
 Flip-Flops                                            : 20
# Comparators                                          : 1
 8-bit comparator equal                                : 1
# Xors                                                 : 1
 1-bit xor2                                            : 1

=========================================================================

=========================================================================
*                         Low Level Synthesis                           *
=========================================================================

Optimizing unit <FIFO> ...

Mapping all equations...
Building and optimizing final netlist ...
Found area constraint ratio of 100 (+ 5) on block FIFO, actual ratio is 2.

Final Macro Processing ...

=========================================================================
Final Register Report

Macro Statistics
# Registers                                            : 20
 Flip-Flops                                            : 20

=========================================================================

=========================================================================
*                           Partition Report                            *
=========================================================================

Partition Implementation Status
-------------------------------

  No Partitions were found in this design.

-------------------------------

=========================================================================
*                            Final Report                               *
=========================================================================
Final Results
RTL Top Level Output File Name     : FIFO.ngr
Top Level Output File Name         : FIFO
Output Format                      : NGC
Optimization Goal                  : Speed
Keep Hierarchy                     : No

Design Statistics
# IOs                              : 26

Cell Usage :
# BELS                             : 78
#      GND                         : 1
#      INV                         : 3
#      LUT1                        : 16
#      LUT3                        : 12
#      LUT3_L                      : 5
#      LUT4                        : 6
#      MUXCY                       : 16
#      VCC                         : 1
#      XORCY                       : 18
# FlipFlops/Latches                : 20
#      FDE                         : 18
#      FDRE                        : 1
#      FDSE                        : 1
# RAMS                             : 1
#      RAMB16_S18_S18              : 1
# Clock Buffers                    : 1
#      BUFGP                       : 1
# IO Buffers                       : 24
#      IBUF                        : 12
#      OBUF                        : 2
#      OBUFT                       : 10
=========================================================================

Device utilization summary:
---------------------------

Selected Device : 3s100evq100-5 

 Number of Slices:                       24  out of    960     2%  
 Number of Slice Flip Flops:             20  out of   1920     1%  
 Number of 4 input LUTs:                 42  out of   1920     2%  
 Number of IOs:                          26
 Number of bonded IOBs:                  25  out of     66    37%  
 Number of BRAMs:                         1  out of      4    25%  
 Number of GCLKs:                         1  out of     24     4%  

---------------------------
Partition Resource Summary:
---------------------------

  No Partitions were found in this design.

---------------------------


=========================================================================
TIMING REPORT

NOTE: THESE TIMING NUMBERS ARE ONLY A SYNTHESIS ESTIMATE.
      FOR ACCURATE TIMING INFORMATION PLEASE REFER TO THE TRACE REPORT
      GENERATED AFTER PLACE-and-ROUTE.

Clock Information:
------------------
-----------------------------------+------------------------+-------+
Clock Signal                       | Clock buffer(FF name)  | Load  |
-----------------------------------+------------------------+-------+
CLK                                | BUFGP                  | 21    |
-----------------------------------+------------------------+-------+

Asynchronous Control Signals Information:
----------------------------------------
No asynchronous control signals found in this design

Timing Summary:
---------------
Speed Grade: -5

   Minimum period: 6.946ns (Maximum Frequency: 143.973MHz)
   Minimum input arrival time before clock: 5.897ns
   Maximum output required time after clock: 5.962ns
   Maximum combinational path delay: 6.573ns

Timing Detail:
--------------
All values displayed in nanoseconds (ns)

=========================================================================
Timing constraint: Default period analysis for Clock 'CLK'
  Clock period: 6.946ns (frequency: 143.973MHz)
  Total number of paths / destination ports: 322 / 38
-------------------------------------------------------------------------
Delay:               6.946ns (Levels of Logic = 11)
  Source:            rdIndex_1 (FF)
  Destination:       TMP_Empty (FF)
  Source Clock:      CLK rising
  Destination Clock: CLK rising

  Data Path: rdIndex_1 to TMP_Empty
                                Gate     Net
    Cell:in->out      fanout   Delay   Delay  Logical Name (Net Name)
    ----------------------------------------  ------------
     FDE:C->Q              3   0.514   0.603  rdIndex_1 (rdIndex_1)
     LUT1:I0->O            1   0.612   0.000  Madd_old_rdIndex_1_addsub0000_cy<1>_rt (Madd_old_rdIndex_1_addsub0000_cy<1>_rt)
     MUXCY:S->O            1   0.404   0.000  Madd_old_rdIndex_1_addsub0000_cy<1> (Madd_old_rdIndex_1_addsub0000_cy<1>)
     MUXCY:CI->O           1   0.051   0.000  Madd_old_rdIndex_1_addsub0000_cy<2> (Madd_old_rdIndex_1_addsub0000_cy<2>)
     MUXCY:CI->O           1   0.051   0.000  Madd_old_rdIndex_1_addsub0000_cy<3> (Madd_old_rdIndex_1_addsub0000_cy<3>)
     MUXCY:CI->O           1   0.051   0.000  Madd_old_rdIndex_1_addsub0000_cy<4> (Madd_old_rdIndex_1_addsub0000_cy<4>)
     MUXCY:CI->O           1   0.051   0.000  Madd_old_rdIndex_1_addsub0000_cy<5> (Madd_old_rdIndex_1_addsub0000_cy<5>)
     MUXCY:CI->O           1   0.051   0.000  Madd_old_rdIndex_1_addsub0000_cy<6> (Madd_old_rdIndex_1_addsub0000_cy<6>)
     XORCY:CI->O           2   0.699   0.410  Madd_old_rdIndex_1_addsub0000_xor<7> (old_rdIndex_1_addsub0000<7>)
     LUT3:I2->O            1   0.612   0.387  _old_rdIndex_1<7>1 (_old_rdIndex_1<7>)
     LUT4:I2->O            1   0.612   0.360  TMP_Empty_cmp_eq00018141_SW0 (N01)
     LUT4:I3->O            2   0.612   0.380  TMP_Empty_cmp_eq00018141 (TMP_Empty_cmp_eq0001)
     FDSE:CE                   0.483          TMP_Empty
    ----------------------------------------
    Total                      6.946ns (4.806ns logic, 2.140ns route)
                                       (69.2% logic, 30.8% route)

=========================================================================
Timing constraint: Default OFFSET IN BEFORE for Clock 'CLK'
  Total number of paths / destination ports: 66 / 34
-------------------------------------------------------------------------
Offset:              5.897ns (Levels of Logic = 4)
  Source:            WR_EN (PAD)
  Destination:       TMP_Empty (FF)
  Destination Clock: CLK rising

  Data Path: WR_EN to TMP_Empty
                                Gate     Net
    Cell:in->out      fanout   Delay   Delay  Logical Name (Net Name)
    ----------------------------------------  ------------
     IBUF:I->O            19   1.106   1.074  WR_EN_IBUF (WR_EN_IBUF)
     LUT3:I0->O            1   0.612   0.509  _old_wrIndex_2<0>1 (_old_wrIndex_2<0>)
     LUT4:I0->O            1   0.612   0.509  TMP_Empty_cmp_eq00018112 (TMP_Empty_cmp_eq00018112)
     LUT4:I0->O            2   0.612   0.380  TMP_Empty_cmp_eq00018141 (TMP_Empty_cmp_eq0001)
     FDSE:CE                   0.483          TMP_Empty
    ----------------------------------------
    Total                      5.897ns (3.425ns logic, 2.472ns route)
                                       (58.1% logic, 41.9% route)

=========================================================================
Timing constraint: Default OFFSET OUT AFTER for Clock 'CLK'
  Total number of paths / destination ports: 12 / 12
-------------------------------------------------------------------------
Offset:              5.962ns (Levels of Logic = 1)
  Source:            Mram_MEM (RAM)
  Destination:       Dout<9> (PAD)
  Source Clock:      CLK rising

  Data Path: Mram_MEM to Dout<9>
                                Gate     Net
    Cell:in->out      fanout   Delay   Delay  Logical Name (Net Name)
    ----------------------------------------  ------------
     RAMB16_S18_S18:CLKB->DOB9    1   2.436   0.357  Mram_MEM (TMP_Dout<9>)
     OBUFT:I->O                3.169          Dout_9_OBUFT (Dout<9>)
    ----------------------------------------
    Total                      5.962ns (5.605ns logic, 0.357ns route)
                                       (94.0% logic, 6.0% route)

=========================================================================
Timing constraint: Default path analysis
  Total number of paths / destination ports: 10 / 10
-------------------------------------------------------------------------
Delay:               6.573ns (Levels of Logic = 3)
  Source:            RD_EN (PAD)
  Destination:       Dout<9> (PAD)

  Data Path: RD_EN to Dout<9>
                                Gate     Net
    Cell:in->out      fanout   Delay   Delay  Logical Name (Net Name)
    ----------------------------------------  ------------
     IBUF:I->O            20   1.106   0.937  RD_EN_IBUF (RD_EN_IBUF)
     INV:I->O             10   0.612   0.750  RD_EN_inv1_INV_0 (RD_EN_inv)
     OBUFT:T->O                3.169          Dout_9_OBUFT (Dout<9>)
    ----------------------------------------
    Total                      6.573ns (4.887ns logic, 1.686ns route)
                                       (74.3% logic, 25.7% route)

=========================================================================


Total REAL time to Xst completion: 5.00 secs
Total CPU time to Xst completion: 4.88 secs
 
--> 

Total memory usage is 274824 kilobytes

Number of errors   :    0 (   0 filtered)
Number of warnings :    3 (   0 filtered)
Number of infos    :    3 (   0 filtered)

