Release 14.7 - xst P.20131013 (nt64)
Copyright (c) 1995-2013 Xilinx, Inc.  All rights reserved.
--> Parameter TMPDIR set to xst/projnav.tmp


Total REAL time to Xst completion: 0.00 secs
Total CPU time to Xst completion: 0.05 secs
 
--> Parameter xsthdpdir set to xst


Total REAL time to Xst completion: 0.00 secs
Total CPU time to Xst completion: 0.05 secs
 
--> Reading design: shift_add_multiply.prj

TABLE OF CONTENTS
  1) Synthesis Options Summary
  2) HDL Compilation
  3) Design Hierarchy Analysis
  4) HDL Analysis
  5) HDL Synthesis
     5.1) HDL Synthesis Report
  6) Advanced HDL Synthesis
     6.1) Advanced HDL Synthesis Report
  7) Low Level Synthesis
  8) Partition Report
  9) Final Report
	9.1) Device utilization summary
	9.2) Partition Resource Summary
	9.3) TIMING REPORT


=========================================================================
*                      Synthesis Options Summary                        *
=========================================================================
---- Source Parameters
Input File Name                    : "shift_add_multiply.prj"
Input Format                       : mixed
Ignore Synthesis Constraint File   : NO

---- Target Parameters
Output File Name                   : "shift_add_multiply"
Output Format                      : NGC
Target Device                      : xc3s100e-5-vq100

---- Source Options
Top Module Name                    : shift_add_multiply
Automatic FSM Extraction           : YES
FSM Encoding Algorithm             : Auto
Safe Implementation                : No
FSM Style                          : LUT
RAM Extraction                     : Yes
RAM Style                          : Auto
ROM Extraction                     : Yes
Mux Style                          : Auto
Decoder Extraction                 : YES
Priority Encoder Extraction        : Yes
Shift Register Extraction          : YES
Logical Shifter Extraction         : YES
XOR Collapsing                     : YES
ROM Style                          : Auto
Mux Extraction                     : Yes
Resource Sharing                   : YES
Asynchronous To Synchronous        : NO
Multiplier Style                   : Auto
Automatic Register Balancing       : No

---- Target Options
Add IO Buffers                     : YES
Global Maximum Fanout              : 100000
Add Generic Clock Buffer(BUFG)     : 24
Register Duplication               : YES
Slice Packing                      : YES
Optimize Instantiated Primitives   : NO
Use Clock Enable                   : Yes
Use Synchronous Set                : Yes
Use Synchronous Reset              : Yes
Pack IO Registers into IOBs        : Auto
Equivalent register Removal        : YES

---- General Options
Optimization Goal                  : Speed
Optimization Effort                : 1
Keep Hierarchy                     : No
Netlist Hierarchy                  : As_Optimized
RTL Output                         : Yes
Global Optimization                : AllClockNets
Read Cores                         : YES
Write Timing Constraints           : NO
Cross Clock Analysis               : NO
Hierarchy Separator                : /
Bus Delimiter                      : <>
Case Specifier                     : Maintain
Slice Utilization Ratio            : 100
BRAM Utilization Ratio             : 100
Verilog 2001                       : YES
Auto BRAM Packing                  : NO
Slice Utilization Ratio Delta      : 5

=========================================================================


=========================================================================
*                          HDL Compilation                              *
=========================================================================
Compiling verilog file "shift_add_multiply.v" in library work
Module <shift_add_multiply> compiled
No errors in compilation
Analysis of file <"shift_add_multiply.prj"> succeeded.
 

=========================================================================
*                     Design Hierarchy Analysis                         *
=========================================================================
Analyzing hierarchy for module <shift_add_multiply> in library <work> with parameters.
	n = "00000000000000000000000000100000"


=========================================================================
*                            HDL Analysis                               *
=========================================================================
Analyzing top module <shift_add_multiply>.
	n = 32'sb00000000000000000000000000100000
WARNING:Xst:1643 - "shift_add_multiply.v" line 35: You are giving the signal bit a default value. bit already had a default value, which will be overridden by this one.
Module <shift_add_multiply> is correct for synthesis.
 

=========================================================================
*                           HDL Synthesis                               *
=========================================================================

Performing bidirectional port resolution...

Synthesizing Unit <shift_add_multiply>.
    Related source file is "shift_add_multiply.v".
    Found 1-bit register for signal <out>.
    Found 32-bit register for signal <bit>.
    Found 32-bit adder for signal <bit$add0000> created at line 59.
    Found 33-bit register for signal <m>.
    Found 33-bit comparator greatequal for signal <out$cmp_ge0000> created at line 55.
    Found 33-bit register for signal <product>.
    Found 33-bit comparator less for signal <product$cmp_lt0000> created at line 41.
    Found 33-bit comparator less for signal <product$cmp_lt0001> created at line 55.
    Found 33-bit 4-to-1 multiplexer for signal <product$mux0000>.
    Summary:
	inferred  99 D-type flip-flop(s).
	inferred   2 Adder/Subtractor(s).
	inferred   3 Comparator(s).
	inferred  34 Multiplexer(s).
Unit <shift_add_multiply> synthesized.


=========================================================================
HDL Synthesis Report

Macro Statistics
# Adders/Subtractors                                   : 2
 32-bit adder                                          : 1
 33-bit adder                                          : 1
# Registers                                            : 4
 1-bit register                                        : 1
 32-bit register                                       : 1
 33-bit register                                       : 2
# Comparators                                          : 3
 33-bit comparator greatequal                          : 1
 33-bit comparator less                                : 2
# Multiplexers                                         : 2
 1-bit 32-to-1 multiplexer                             : 1
 33-bit 4-to-1 multiplexer                             : 1

=========================================================================

=========================================================================
*                       Advanced HDL Synthesis                          *
=========================================================================

WARNING:Xst:1710 - FF/Latch <m_32> (without init value) has a constant value of 0 in block <shift_add_multiply>. This FF/Latch will be trimmed during the optimization process.
WARNING:Xst:2404 -  FFs/Latches <m<32:32>> (without init value) have a constant value of 0 in block <shift_add_multiply>.
WARNING:Xst:2677 - Node <product_32> of sequential type is unconnected in block <shift_add_multiply>.

=========================================================================
Advanced HDL Synthesis Report

Macro Statistics
# Adders/Subtractors                                   : 2
 32-bit adder                                          : 2
# Registers                                            : 97
 Flip-Flops                                            : 97
# Comparators                                          : 3
 33-bit comparator greatequal                          : 1
 33-bit comparator less                                : 2
# Multiplexers                                         : 2
 1-bit 32-to-1 multiplexer                             : 1
 33-bit 4-to-1 multiplexer                             : 1

=========================================================================

=========================================================================
*                         Low Level Synthesis                           *
=========================================================================
WARNING:Xst:1710 - FF/Latch <product_31> (without init value) has a constant value of 0 in block <shift_add_multiply>. This FF/Latch will be trimmed during the optimization process.

Optimizing unit <shift_add_multiply> ...

Mapping all equations...
Building and optimizing final netlist ...
Found area constraint ratio of 100 (+ 5) on block shift_add_multiply, actual ratio is 9.

Final Macro Processing ...

=========================================================================
Final Register Report

Macro Statistics
# Registers                                            : 96
 Flip-Flops                                            : 96

=========================================================================

=========================================================================
*                           Partition Report                            *
=========================================================================

Partition Implementation Status
-------------------------------

  No Partitions were found in this design.

-------------------------------

=========================================================================
*                            Final Report                               *
=========================================================================
Final Results
RTL Top Level Output File Name     : shift_add_multiply.ngr
Top Level Output File Name         : shift_add_multiply
Output Format                      : NGC
Optimization Goal                  : Speed
Keep Hierarchy                     : No

Design Statistics
# IOs                              : 67

Cell Usage :
# BELS                             : 294
#      GND                         : 1
#      INV                         : 2
#      LUT1                        : 1
#      LUT2                        : 68
#      LUT3                        : 17
#      LUT4                        : 44
#      MUXCY                       : 81
#      MUXF5                       : 8
#      MUXF6                       : 4
#      MUXF7                       : 2
#      MUXF8                       : 1
#      VCC                         : 1
#      XORCY                       : 64
# FlipFlops/Latches                : 96
#      FD                          : 32
#      FDE                         : 33
#      FDRE                        : 31
# Clock Buffers                    : 1
#      BUFGP                       : 1
# IO Buffers                       : 66
#      IBUF                        : 65
#      OBUF                        : 1
=========================================================================

Device utilization summary:
---------------------------

Selected Device : 3s100evq100-5 

 Number of Slices:                       87  out of    960     9%  
 Number of Slice Flip Flops:             96  out of   1920     5%  
 Number of 4 input LUTs:                132  out of   1920     6%  
 Number of IOs:                          67
 Number of bonded IOBs:                  67  out of     66   101% (*) 
 Number of GCLKs:                         1  out of     24     4%  

WARNING:Xst:1336 -  (*) More than 100% of Device resources are used

---------------------------
Partition Resource Summary:
---------------------------

  No Partitions were found in this design.

---------------------------


=========================================================================
TIMING REPORT

NOTE: THESE TIMING NUMBERS ARE ONLY A SYNTHESIS ESTIMATE.
      FOR ACCURATE TIMING INFORMATION PLEASE REFER TO THE TRACE REPORT
      GENERATED AFTER PLACE-and-ROUTE.

Clock Information:
------------------
-----------------------------------+------------------------+-------+
Clock Signal                       | Clock buffer(FF name)  | Load  |
-----------------------------------+------------------------+-------+
clk                                | BUFGP                  | 96    |
-----------------------------------+------------------------+-------+

Asynchronous Control Signals Information:
----------------------------------------
No asynchronous control signals found in this design

Timing Summary:
---------------
Speed Grade: -5

   Minimum period: 6.203ns (Maximum Frequency: 161.210MHz)
   Minimum input arrival time before clock: 5.876ns
   Maximum output required time after clock: 4.040ns
   Maximum combinational path delay: No path found

Timing Detail:
--------------
All values displayed in nanoseconds (ns)

=========================================================================
Timing constraint: Default period analysis for Clock 'clk'
  Clock period: 6.203ns (frequency: 161.210MHz)
  Total number of paths / destination ports: 5922 / 96
-------------------------------------------------------------------------
Delay:               6.203ns (Levels of Logic = 11)
  Source:            bit_5 (FF)
  Destination:       product_0 (FF)
  Source Clock:      clk rising
  Destination Clock: clk rising

  Data Path: bit_5 to product_0
                                Gate     Net
    Cell:in->out      fanout   Delay   Delay  Logical Name (Net Name)
    ----------------------------------------  ------------
     FD:C->Q               3   0.514   0.603  bit_5 (bit_5)
     LUT1:I0->O            1   0.612   0.000  Mcompar_product_cmp_lt0000_cy<0>_rt (Mcompar_product_cmp_lt0000_cy<0>_rt)
     MUXCY:S->O            1   0.404   0.000  Mcompar_product_cmp_lt0000_cy<0> (Mcompar_product_cmp_lt0000_cy<0>)
     MUXCY:CI->O           1   0.051   0.000  Mcompar_product_cmp_lt0000_cy<1> (Mcompar_product_cmp_lt0000_cy<1>)
     MUXCY:CI->O           1   0.051   0.000  Mcompar_product_cmp_lt0000_cy<2> (Mcompar_product_cmp_lt0000_cy<2>)
     MUXCY:CI->O           1   0.052   0.000  Mcompar_product_cmp_lt0000_cy<3> (Mcompar_product_cmp_lt0000_cy<3>)
     MUXCY:CI->O           1   0.052   0.000  Mcompar_product_cmp_lt0000_cy<4> (Mcompar_product_cmp_lt0000_cy<4>)
     MUXCY:CI->O           1   0.052   0.000  Mcompar_product_cmp_lt0000_cy<5> (Mcompar_product_cmp_lt0000_cy<5>)
     MUXCY:CI->O           1   0.052   0.000  Mcompar_product_cmp_lt0000_cy<6> (Mcompar_product_cmp_lt0000_cy<6>)
     MUXCY:CI->O           1   0.052   0.000  Mcompar_product_cmp_lt0000_cy<7> (Mcompar_product_cmp_lt0000_cy<7>)
     MUXCY:CI->O          33   0.399   1.142  Mcompar_product_cmp_lt0000_cy<8> (Mcompar_product_cmp_lt0000_cy<8>)
     LUT2:I1->O           31   0.612   1.073  product_not00011 (product_not0001)
     FDRE:CE                   0.483          product_0
    ----------------------------------------
    Total                      6.203ns (3.385ns logic, 2.818ns route)
                                       (54.6% logic, 45.4% route)

=========================================================================
Timing constraint: Default OFFSET IN BEFORE for Clock 'clk'
  Total number of paths / destination ports: 1648 / 160
-------------------------------------------------------------------------
Offset:              5.876ns (Levels of Logic = 34)
  Source:            start (PAD)
  Destination:       bit_31 (FF)
  Destination Clock: clk rising

  Data Path: start to bit_31
                                Gate     Net
    Cell:in->out      fanout   Delay   Delay  Logical Name (Net Name)
    ----------------------------------------  ------------
     IBUF:I->O            96   1.106   1.242  start_IBUF (start_IBUF)
     LUT2:I0->O            1   0.612   0.000  Madd_bit_add0000_lut<0> (Madd_bit_add0000_lut<0>)
     MUXCY:S->O            1   0.404   0.000  Madd_bit_add0000_cy<0> (Madd_bit_add0000_cy<0>)
     MUXCY:CI->O           1   0.052   0.000  Madd_bit_add0000_cy<1> (Madd_bit_add0000_cy<1>)
     MUXCY:CI->O           1   0.052   0.000  Madd_bit_add0000_cy<2> (Madd_bit_add0000_cy<2>)
     MUXCY:CI->O           1   0.052   0.000  Madd_bit_add0000_cy<3> (Madd_bit_add0000_cy<3>)
     MUXCY:CI->O           1   0.052   0.000  Madd_bit_add0000_cy<4> (Madd_bit_add0000_cy<4>)
     MUXCY:CI->O           1   0.052   0.000  Madd_bit_add0000_cy<5> (Madd_bit_add0000_cy<5>)
     MUXCY:CI->O           1   0.052   0.000  Madd_bit_add0000_cy<6> (Madd_bit_add0000_cy<6>)
     MUXCY:CI->O           1   0.052   0.000  Madd_bit_add0000_cy<7> (Madd_bit_add0000_cy<7>)
     MUXCY:CI->O           1   0.052   0.000  Madd_bit_add0000_cy<8> (Madd_bit_add0000_cy<8>)
     MUXCY:CI->O           1   0.052   0.000  Madd_bit_add0000_cy<9> (Madd_bit_add0000_cy<9>)
     MUXCY:CI->O           1   0.052   0.000  Madd_bit_add0000_cy<10> (Madd_bit_add0000_cy<10>)
     MUXCY:CI->O           1   0.051   0.000  Madd_bit_add0000_cy<11> (Madd_bit_add0000_cy<11>)
     MUXCY:CI->O           1   0.051   0.000  Madd_bit_add0000_cy<12> (Madd_bit_add0000_cy<12>)
     MUXCY:CI->O           1   0.051   0.000  Madd_bit_add0000_cy<13> (Madd_bit_add0000_cy<13>)
     MUXCY:CI->O           1   0.051   0.000  Madd_bit_add0000_cy<14> (Madd_bit_add0000_cy<14>)
     MUXCY:CI->O           1   0.051   0.000  Madd_bit_add0000_cy<15> (Madd_bit_add0000_cy<15>)
     MUXCY:CI->O           1   0.051   0.000  Madd_bit_add0000_cy<16> (Madd_bit_add0000_cy<16>)
     MUXCY:CI->O           1   0.051   0.000  Madd_bit_add0000_cy<17> (Madd_bit_add0000_cy<17>)
     MUXCY:CI->O           1   0.051   0.000  Madd_bit_add0000_cy<18> (Madd_bit_add0000_cy<18>)
     MUXCY:CI->O           1   0.051   0.000  Madd_bit_add0000_cy<19> (Madd_bit_add0000_cy<19>)
     MUXCY:CI->O           1   0.051   0.000  Madd_bit_add0000_cy<20> (Madd_bit_add0000_cy<20>)
     MUXCY:CI->O           1   0.051   0.000  Madd_bit_add0000_cy<21> (Madd_bit_add0000_cy<21>)
     MUXCY:CI->O           1   0.051   0.000  Madd_bit_add0000_cy<22> (Madd_bit_add0000_cy<22>)
     MUXCY:CI->O           1   0.051   0.000  Madd_bit_add0000_cy<23> (Madd_bit_add0000_cy<23>)
     MUXCY:CI->O           1   0.051   0.000  Madd_bit_add0000_cy<24> (Madd_bit_add0000_cy<24>)
     MUXCY:CI->O           1   0.051   0.000  Madd_bit_add0000_cy<25> (Madd_bit_add0000_cy<25>)
     MUXCY:CI->O           1   0.051   0.000  Madd_bit_add0000_cy<26> (Madd_bit_add0000_cy<26>)
     MUXCY:CI->O           1   0.051   0.000  Madd_bit_add0000_cy<27> (Madd_bit_add0000_cy<27>)
     MUXCY:CI->O           1   0.051   0.000  Madd_bit_add0000_cy<28> (Madd_bit_add0000_cy<28>)
     MUXCY:CI->O           1   0.051   0.000  Madd_bit_add0000_cy<29> (Madd_bit_add0000_cy<29>)
     MUXCY:CI->O           0   0.051   0.000  Madd_bit_add0000_cy<30> (Madd_bit_add0000_cy<30>)
     XORCY:CI->O           1   0.699   0.000  Madd_bit_add0000_xor<31> (bit_add0000<31>)
     FD:D                      0.268          bit_31
    ----------------------------------------
    Total                      5.876ns (4.634ns logic, 1.242ns route)
                                       (78.9% logic, 21.1% route)

=========================================================================
Timing constraint: Default OFFSET OUT AFTER for Clock 'clk'
  Total number of paths / destination ports: 1 / 1
-------------------------------------------------------------------------
Offset:              4.040ns (Levels of Logic = 1)
  Source:            out (FF)
  Destination:       out (PAD)
  Source Clock:      clk rising

  Data Path: out to out
                                Gate     Net
    Cell:in->out      fanout   Delay   Delay  Logical Name (Net Name)
    ----------------------------------------  ------------
     FDE:C->Q              1   0.514   0.357  out (out_OBUF)
     OBUF:I->O                 3.169          out_OBUF (out)
    ----------------------------------------
    Total                      4.040ns (3.683ns logic, 0.357ns route)
                                       (91.2% logic, 8.8% route)

=========================================================================


Total REAL time to Xst completion: 2.00 secs
Total CPU time to Xst completion: 2.95 secs
 
--> 

Total memory usage is 262728 kilobytes

Number of errors   :    0 (   0 filtered)
Number of warnings :    6 (   0 filtered)
Number of infos    :    0 (   0 filtered)

