--------------------------------------------------------------------------------
Release 14.7 Trace  (nt64)
Copyright (c) 1995-2013 Xilinx, Inc.  All rights reserved.

E:\ISE\14.7\ISE_DS\ISE\bin\nt64\unwrapped\trce.exe -intstyle ise -v 3 -s 5 -n 3
-fastpaths -xml core.twx core.ncd -o core.twr core.pcf

Design file:              core.ncd
Physical constraint file: core.pcf
Device,package,speed:     xc3s100e,vq100,-5 (PRODUCTION 1.27 2013-10-13)
Report level:             verbose report

Environment Variable      Effect 
--------------------      ------ 
NONE                      No environment variables were set
--------------------------------------------------------------------------------

INFO:Timing:2698 - No timing constraints found, doing default enumeration.
INFO:Timing:3412 - To improve timing, see the Timing Closure User Guide (UG612).
INFO:Timing:2752 - To get complete path coverage, use the unconstrained paths 
   option. All paths that are not constrained will be reported in the 
   unconstrained paths section(s) of the report.
INFO:Timing:3339 - The clock-to-out numbers in this timing report are based on 
   a 50 Ohm transmission line loading model.  For the details of this model, 
   and for more information on accounting for different loading conditions, 
   please see the device datasheet.
INFO:Timing:3390 - This architecture does not support a default System Jitter 
   value, please add SYSTEM_JITTER constraint to the UCF to modify the Clock 
   Uncertainty calculation.
INFO:Timing:3389 - This architecture does not support 'Discrete Jitter' and 
   'Phase Error' calculations, these terms will be zero in the Clock 
   Uncertainty calculation.  Please make appropriate modification to 
   SYSTEM_JITTER to account for the unsupported Discrete Jitter and Phase 
   Error.



Data Sheet report:
-----------------
All values displayed in nanoseconds (ns)

Clock S4 to Pad
------------+------------+------------------+--------+
            | clk (edge) |                  | Clock  |
Destination |   to PAD   |Internal Clock(s) | Phase  |
------------+------------+------------------+--------+
monitor<0>  |    5.785(F)|S4_IBUF           |   0.000|
monitor<1>  |    5.762(F)|S4_IBUF           |   0.000|
------------+------------+------------------+--------+

Clock clk to Pad
------------+------------+------------------+--------+
            | clk (edge) |                  | Clock  |
Destination |   to PAD   |Internal Clock(s) | Phase  |
------------+------------+------------------+--------+
down        |    6.993(R)|clk_BUFGP         |   0.000|
open_door   |    7.766(R)|clk_BUFGP         |   0.000|
stop        |    8.213(R)|clk_BUFGP         |   0.000|
up          |    7.147(R)|clk_BUFGP         |   0.000|
------------+------------+------------------+--------+

Clock to Setup on destination clock D1
---------------+---------+---------+---------+---------+
               | Src:Rise| Src:Fall| Src:Rise| Src:Fall|
Source Clock   |Dest:Rise|Dest:Rise|Dest:Fall|Dest:Fall|
---------------+---------+---------+---------+---------+
D1             |    1.723|         |    0.726|    0.726|
D2             |    1.980|    1.980|    0.831|    0.831|
D3             |    1.745|    1.745|    0.596|    0.596|
D4             |    1.700|    1.700|   -0.684|   -0.684|
F1             |    1.453|    1.453|   -1.056|   -1.056|
F2             |         |         |   -1.358|   -1.358|
F3             |         |         |   -2.211|   -2.211|
F4             |         |         |   -2.275|   -2.275|
S1             |         |         |    1.022|    1.022|
S2             |         |         |    1.262|    1.262|
S3             |         |         |    1.263|    1.263|
S4             |         |         |    0.617|    0.617|
U1             |    0.976|    0.976|    0.387|    0.387|
U2             |    2.280|    2.280|    1.131|    1.131|
U3             |    1.998|    1.998|    0.849|    0.849|
U4             |    0.488|    0.488|   -0.849|   -0.849|
clk            |         |         |    2.411|         |
---------------+---------+---------+---------+---------+

Clock to Setup on destination clock D2
---------------+---------+---------+---------+---------+
               | Src:Rise| Src:Fall| Src:Rise| Src:Fall|
Source Clock   |Dest:Rise|Dest:Rise|Dest:Fall|Dest:Fall|
---------------+---------+---------+---------+---------+
D1             |         |         |    1.743|    1.743|
D2             |         |         |    0.534|    0.534|
D3             |         |         |    0.299|    0.299|
D4             |         |         |   -0.981|   -0.981|
F1             |         |         |   -1.353|   -1.353|
F2             |         |         |   -1.655|   -1.655|
F3             |         |         |   -2.508|   -2.508|
F4             |         |         |   -2.572|   -2.572|
S1             |         |         |    1.584|    1.584|
S2             |         |         |    2.424|    2.424|
S3             |         |         |    1.764|    1.764|
S4             |         |         |    0.320|    0.320|
U1             |         |         |    1.231|    1.231|
U2             |         |         |    0.834|    0.834|
U3             |         |         |    0.552|    0.552|
U4             |         |         |   -1.146|   -1.146|
clk            |         |         |    2.411|         |
---------------+---------+---------+---------+---------+

Clock to Setup on destination clock D3
---------------+---------+---------+---------+---------+
               | Src:Rise| Src:Fall| Src:Rise| Src:Fall|
Source Clock   |Dest:Rise|Dest:Rise|Dest:Fall|Dest:Fall|
---------------+---------+---------+---------+---------+
D1             |         |         |    1.614|    1.614|
D2             |         |         |    0.722|    0.722|
D3             |         |         |    0.487|    0.487|
D4             |         |         |   -0.793|   -0.793|
F1             |         |         |   -1.165|   -1.165|
F2             |         |         |   -1.467|   -1.467|
F3             |         |         |   -2.320|   -2.320|
F4             |         |         |   -2.384|   -2.384|
S1             |         |         |    1.302|    1.302|
S2             |         |         |    2.254|    2.254|
S3             |         |         |    2.145|    2.145|
S4             |         |         |    0.508|    0.508|
U1             |         |         |    0.679|    0.679|
U2             |         |         |    1.022|    1.022|
U3             |         |         |    0.740|    0.740|
U4             |         |         |   -0.958|   -0.958|
---------------+---------+---------+---------+---------+

Clock to Setup on destination clock D4
---------------+---------+---------+---------+---------+
               | Src:Rise| Src:Fall| Src:Rise| Src:Fall|
Source Clock   |Dest:Rise|Dest:Rise|Dest:Fall|Dest:Fall|
---------------+---------+---------+---------+---------+
D1             |         |         |    1.374|    1.374|
D2             |         |         |    1.746|    1.746|
D3             |         |         |    1.511|    1.511|
D4             |         |         |    0.231|    0.231|
F1             |         |         |   -0.141|   -0.141|
F2             |         |         |   -0.443|   -0.443|
F3             |         |         |   -1.296|   -1.296|
F4             |         |         |   -1.360|   -1.360|
S1             |         |         |    1.644|    1.644|
S2             |         |         |    1.742|    1.742|
S3             |         |         |    1.885|    1.885|
S4             |         |         |    1.239|    1.239|
U1             |         |         |    1.302|    1.302|
U2             |         |         |    2.046|    2.046|
U3             |         |         |    1.764|    1.764|
U4             |         |         |    0.066|    0.066|
---------------+---------+---------+---------+---------+

Clock to Setup on destination clock F1
---------------+---------+---------+---------+---------+
               | Src:Rise| Src:Fall| Src:Rise| Src:Fall|
Source Clock   |Dest:Rise|Dest:Rise|Dest:Fall|Dest:Fall|
---------------+---------+---------+---------+---------+
D1             |         |         |    1.672|    1.672|
D2             |         |         |    2.044|    2.044|
D3             |         |         |    1.809|    1.809|
D4             |         |         |    0.529|    0.529|
F1             |         |         |    0.157|    0.157|
F2             |         |         |   -0.145|   -0.145|
F3             |         |         |   -0.998|   -0.998|
F4             |         |         |   -1.062|   -1.062|
S1             |         |         |    0.987|    0.987|
S2             |         |         |    1.939|    1.939|
S3             |         |         |    1.830|    1.830|
S4             |         |         |   -0.154|   -0.154|
U1             |         |         |    1.600|    1.600|
U2             |         |         |    2.344|    2.344|
U3             |         |         |    2.062|    2.062|
U4             |         |         |    0.364|    0.364|
---------------+---------+---------+---------+---------+

Clock to Setup on destination clock F2
---------------+---------+---------+---------+---------+
               | Src:Rise| Src:Fall| Src:Rise| Src:Fall|
Source Clock   |Dest:Rise|Dest:Rise|Dest:Fall|Dest:Fall|
---------------+---------+---------+---------+---------+
D1             |         |         |    2.301|    2.301|
D2             |         |         |    2.673|    2.673|
D3             |         |         |    2.438|    2.438|
D4             |         |         |    1.158|    1.158|
F1             |         |         |    0.786|    0.786|
F2             |         |         |    0.097|    0.097|
F3             |         |         |   -0.756|   -0.756|
F4             |         |         |   -0.820|   -0.820|
S1             |         |         |    1.354|    1.354|
S2             |         |         |    2.306|    2.306|
S3             |         |         |    2.197|    2.197|
S4             |         |         |    0.088|    0.088|
U1             |         |         |    2.229|    2.229|
U2             |         |         |    2.973|    2.973|
U3             |         |         |    2.691|    2.691|
U4             |         |         |    0.993|    0.993|
---------------+---------+---------+---------+---------+

Clock to Setup on destination clock F3
---------------+---------+---------+---------+---------+
               | Src:Rise| Src:Fall| Src:Rise| Src:Fall|
Source Clock   |Dest:Rise|Dest:Rise|Dest:Fall|Dest:Fall|
---------------+---------+---------+---------+---------+
D1             |         |         |    2.595|    2.595|
D2             |         |         |    2.967|    2.967|
D3             |         |         |    2.732|    2.732|
D4             |         |         |    1.452|    1.452|
F1             |         |         |    1.080|    1.080|
F2             |         |         |    0.778|    0.778|
F3             |         |         |   -0.075|   -0.075|
F4             |         |         |   -0.139|   -0.139|
S1             |         |         |    2.027|    2.027|
S2             |         |         |    2.979|    2.979|
S3             |         |         |    2.870|    2.870|
S4             |         |         |    0.769|    0.769|
U1             |         |         |    2.523|    2.523|
U2             |         |         |    3.267|    3.267|
U3             |         |         |    2.985|    2.985|
U4             |         |         |    1.287|    1.287|
---------------+---------+---------+---------+---------+

Clock to Setup on destination clock F4
---------------+---------+---------+---------+---------+
               | Src:Rise| Src:Fall| Src:Rise| Src:Fall|
Source Clock   |Dest:Rise|Dest:Rise|Dest:Fall|Dest:Fall|
---------------+---------+---------+---------+---------+
D1             |         |         |    2.647|    2.647|
D2             |         |         |    3.019|    3.019|
D3             |         |         |    2.784|    2.784|
D4             |         |         |    1.504|    1.504|
F1             |         |         |    1.132|    1.132|
F2             |         |         |    0.830|    0.830|
F3             |         |         |   -0.023|   -0.023|
F4             |         |         |   -0.087|   -0.087|
S1             |         |         |    1.226|    1.226|
S2             |         |         |    1.324|    1.324|
S3             |         |         |    1.467|    1.467|
S4             |         |         |    0.821|    0.821|
U1             |         |         |    2.575|    2.575|
U2             |         |         |    3.319|    3.319|
U3             |         |         |    3.037|    3.037|
U4             |         |         |    1.339|    1.339|
---------------+---------+---------+---------+---------+

Clock to Setup on destination clock S1
---------------+---------+---------+---------+---------+
               | Src:Rise| Src:Fall| Src:Rise| Src:Fall|
Source Clock   |Dest:Rise|Dest:Rise|Dest:Fall|Dest:Fall|
---------------+---------+---------+---------+---------+
D1             |         |         |    2.166|    2.166|
D2             |         |         |    2.538|    2.538|
D3             |         |         |    2.303|    2.303|
D4             |         |         |    1.023|    1.023|
F1             |         |         |    0.651|    0.651|
F2             |         |         |   -0.101|   -0.101|
F3             |         |         |   -0.954|   -0.954|
F4             |         |         |   -1.018|   -1.018|
S1             |         |         |    0.576|    0.576|
S2             |         |         |    1.416|    1.416|
S3             |         |         |    1.153|    1.153|
S4             |         |         |   -0.110|   -0.110|
U1             |         |         |    2.094|    2.094|
U2             |         |         |    2.838|    2.838|
U3             |         |         |    2.556|    2.556|
U4             |         |         |    0.858|    0.858|
clk            |         |         |    2.810|         |
---------------+---------+---------+---------+---------+

Clock to Setup on destination clock S2
---------------+---------+---------+---------+---------+
               | Src:Rise| Src:Fall| Src:Rise| Src:Fall|
Source Clock   |Dest:Rise|Dest:Rise|Dest:Fall|Dest:Fall|
---------------+---------+---------+---------+---------+
D1             |         |         |    1.637|    1.637|
D2             |         |         |    2.009|    2.009|
D3             |         |         |    1.774|    1.774|
D4             |         |         |    0.494|    0.494|
F1             |         |         |    0.122|    0.122|
F2             |         |         |   -0.180|   -0.180|
F3             |         |         |   -1.033|   -1.033|
F4             |         |         |   -1.097|   -1.097|
S1             |         |         |    0.216|    0.216|
S2             |         |         |    0.744|    0.744|
S3             |         |         |    0.457|    0.457|
S4             |         |         |   -0.189|   -0.189|
U1             |         |         |    1.565|    1.565|
U2             |         |         |    2.309|    2.309|
U3             |         |         |    2.027|    2.027|
U4             |         |         |    0.329|    0.329|
clk            |         |         |    2.411|         |
---------------+---------+---------+---------+---------+

Clock to Setup on destination clock S3
---------------+---------+---------+---------+---------+
               | Src:Rise| Src:Fall| Src:Rise| Src:Fall|
Source Clock   |Dest:Rise|Dest:Rise|Dest:Fall|Dest:Fall|
---------------+---------+---------+---------+---------+
D1             |         |         |    1.523|    1.523|
D2             |         |         |    1.895|    1.895|
D3             |         |         |    1.660|    1.660|
D4             |         |         |    0.380|    0.380|
F1             |         |         |    0.008|    0.008|
F2             |         |         |   -0.294|   -0.294|
F3             |         |         |   -1.147|   -1.147|
F4             |         |         |   -1.211|   -1.211|
S1             |         |         |    0.102|    0.102|
S2             |         |         |    0.588|    0.588|
S3             |         |         |    0.479|    0.479|
S4             |         |         |   -0.303|   -0.303|
U1             |         |         |    1.451|    1.451|
U2             |         |         |    2.195|    2.195|
U3             |         |         |    1.913|    1.913|
U4             |         |         |    0.215|    0.215|
clk            |         |         |    2.411|         |
---------------+---------+---------+---------+---------+

Clock to Setup on destination clock S4
---------------+---------+---------+---------+---------+
               | Src:Rise| Src:Fall| Src:Rise| Src:Fall|
Source Clock   |Dest:Rise|Dest:Rise|Dest:Fall|Dest:Fall|
---------------+---------+---------+---------+---------+
D1             |         |         |    2.039|    2.039|
D2             |         |         |    2.411|    2.411|
D3             |         |         |    2.176|    2.176|
D4             |         |         |    0.896|    0.896|
F1             |         |         |    0.524|    0.524|
F2             |         |         |    0.222|    0.222|
F3             |         |         |   -0.631|   -0.631|
F4             |         |         |   -0.695|   -0.695|
S1             |         |         |    0.618|    0.618|
S2             |         |         |    0.716|    0.716|
S3             |         |         |    0.859|    0.859|
S4             |         |         |    0.213|    0.213|
U1             |         |         |    1.967|    1.967|
U2             |         |         |    2.711|    2.711|
U3             |         |         |    2.429|    2.429|
U4             |         |         |    0.731|    0.731|
---------------+---------+---------+---------+---------+

Clock to Setup on destination clock U1
---------------+---------+---------+---------+---------+
               | Src:Rise| Src:Fall| Src:Rise| Src:Fall|
Source Clock   |Dest:Rise|Dest:Rise|Dest:Fall|Dest:Fall|
---------------+---------+---------+---------+---------+
D1             |         |         |    1.135|    1.135|
D2             |         |         |    0.889|    0.889|
D3             |         |         |    0.654|    0.654|
D4             |         |         |   -0.626|   -0.626|
F1             |         |         |   -0.998|   -0.998|
F2             |         |         |   -1.300|   -1.300|
F3             |         |         |   -2.153|   -2.153|
F4             |         |         |   -2.217|   -2.217|
S1             |         |         |    1.080|    1.080|
S2             |         |         |    1.755|    1.755|
S3             |         |         |    1.646|    1.646|
S4             |         |         |    0.675|    0.675|
U1             |         |         |    0.623|    0.623|
U2             |         |         |    1.189|    1.189|
U3             |         |         |    0.907|    0.907|
U4             |         |         |   -0.791|   -0.791|
clk            |         |         |    2.810|         |
---------------+---------+---------+---------+---------+

Clock to Setup on destination clock U2
---------------+---------+---------+---------+---------+
               | Src:Rise| Src:Fall| Src:Rise| Src:Fall|
Source Clock   |Dest:Rise|Dest:Rise|Dest:Fall|Dest:Fall|
---------------+---------+---------+---------+---------+
D1             |         |         |    2.081|    2.081|
D2             |         |         |    0.294|    0.294|
D3             |         |         |    0.059|    0.059|
D4             |         |         |   -1.221|   -1.221|
F1             |         |         |   -1.593|   -1.593|
F2             |         |         |   -1.895|   -1.895|
F3             |         |         |   -2.748|   -2.748|
F4             |         |         |   -2.812|   -2.812|
S1             |         |         |    1.777|    1.777|
S2             |         |         |    2.617|    2.617|
S3             |         |         |    1.571|    1.571|
S4             |         |         |    0.080|    0.080|
U1             |         |         |    1.569|    1.569|
U2             |         |         |    0.594|    0.594|
U3             |         |         |    0.312|    0.312|
U4             |         |         |   -1.386|   -1.386|
clk            |         |         |    2.411|         |
---------------+---------+---------+---------+---------+

Clock to Setup on destination clock U3
---------------+---------+---------+---------+---------+
               | Src:Rise| Src:Fall| Src:Rise| Src:Fall|
Source Clock   |Dest:Rise|Dest:Rise|Dest:Fall|Dest:Fall|
---------------+---------+---------+---------+---------+
D1             |         |         |    2.102|    2.102|
D2             |         |         |    1.019|    1.019|
D3             |         |         |    0.285|    0.285|
D4             |         |         |   -0.995|   -0.995|
F1             |         |         |   -1.367|   -1.367|
F2             |         |         |   -1.669|   -1.669|
F3             |         |         |   -2.522|   -2.522|
F4             |         |         |   -2.586|   -2.586|
S1             |         |         |    1.543|    1.543|
S2             |         |         |    2.495|    2.495|
S3             |         |         |    2.386|    2.386|
S4             |         |         |    0.306|    0.306|
U1             |         |         |    1.167|    1.167|
U2             |         |         |    1.260|    1.260|
U3             |         |         |    0.538|    0.538|
U4             |         |         |   -1.160|   -1.160|
clk            |         |         |    2.411|         |
---------------+---------+---------+---------+---------+

Clock to Setup on destination clock U4
---------------+---------+---------+---------+---------+
               | Src:Rise| Src:Fall| Src:Rise| Src:Fall|
Source Clock   |Dest:Rise|Dest:Rise|Dest:Fall|Dest:Fall|
---------------+---------+---------+---------+---------+
D1             |         |         |    1.506|    1.506|
D2             |         |         |    1.878|    1.878|
D3             |         |         |    1.643|    1.643|
D4             |         |         |    0.363|    0.363|
F1             |         |         |   -0.009|   -0.009|
F2             |         |         |   -0.311|   -0.311|
F3             |         |         |   -1.164|   -1.164|
F4             |         |         |   -1.228|   -1.228|
S1             |         |         |    1.849|    1.849|
S2             |         |         |    1.947|    1.947|
S3             |         |         |    2.090|    2.090|
S4             |         |         |    1.444|    1.444|
U1             |         |         |    1.434|    1.434|
U2             |         |         |    2.178|    2.178|
U3             |         |         |    1.896|    1.896|
U4             |         |         |    0.198|    0.198|
---------------+---------+---------+---------+---------+

Clock to Setup on destination clock clk
---------------+---------+---------+---------+---------+
               | Src:Rise| Src:Fall| Src:Rise| Src:Fall|
Source Clock   |Dest:Rise|Dest:Rise|Dest:Fall|Dest:Fall|
---------------+---------+---------+---------+---------+
D1             |    7.179|   10.654|         |         |
D2             |         |   10.654|         |         |
D3             |         |    9.784|         |         |
D4             |         |    9.784|         |         |
F1             |         |    9.784|         |         |
F2             |         |    9.784|         |         |
F3             |         |    9.784|         |         |
F4             |         |    9.784|         |         |
S1             |    6.121|   10.654|         |         |
S2             |    5.624|   10.654|         |         |
S3             |    5.349|    9.907|         |         |
S4             |    5.121|    9.784|         |         |
U1             |         |   10.654|         |         |
U2             |         |   10.654|         |         |
U3             |         |    9.907|         |         |
U4             |         |    9.784|         |         |
clk            |    2.469|         |         |         |
---------------+---------+---------+---------+---------+


Analysis completed Mon May 15 05:59:45 2023 
--------------------------------------------------------------------------------

Trace Settings:
-------------------------
Trace Settings 

Peak Memory Usage: 155 MB



