--------------------------------------------------------------------------------
Release 14.7 Trace  (nt64)
Copyright (c) 1995-2013 Xilinx, Inc.  All rights reserved.

E:\ISE\14.7\ISE_DS\ISE\bin\nt64\unwrapped\trce.exe -intstyle ise -v 3 -s 5 -n 3
-fastpaths -xml core.twx core.ncd -o core.twr core.pcf

Design file:              core.ncd
Physical constraint file: core.pcf
Device,package,speed:     xc3s100e,vq100,-5 (PRODUCTION 1.27 2013-10-13)
Report level:             verbose report

Environment Variable      Effect 
--------------------      ------ 
NONE                      No environment variables were set
--------------------------------------------------------------------------------

INFO:Timing:2698 - No timing constraints found, doing default enumeration.
INFO:Timing:3412 - To improve timing, see the Timing Closure User Guide (UG612).
INFO:Timing:2752 - To get complete path coverage, use the unconstrained paths 
   option. All paths that are not constrained will be reported in the 
   unconstrained paths section(s) of the report.
INFO:Timing:3339 - The clock-to-out numbers in this timing report are based on 
   a 50 Ohm transmission line loading model.  For the details of this model, 
   and for more information on accounting for different loading conditions, 
   please see the device datasheet.
INFO:Timing:3390 - This architecture does not support a default System Jitter 
   value, please add SYSTEM_JITTER constraint to the UCF to modify the Clock 
   Uncertainty calculation.
INFO:Timing:3389 - This architecture does not support 'Discrete Jitter' and 
   'Phase Error' calculations, these terms will be zero in the Clock 
   Uncertainty calculation.  Please make appropriate modification to 
   SYSTEM_JITTER to account for the unsupported Discrete Jitter and Phase 
   Error.



Data Sheet report:
-----------------
All values displayed in nanoseconds (ns)

Clock S4 to Pad
------------+------------+------------------+--------+
            | clk (edge) |                  | Clock  |
Destination |   to PAD   |Internal Clock(s) | Phase  |
------------+------------+------------------+--------+
monitor<0>  |    5.762(F)|S4_IBUF           |   0.000|
monitor<1>  |    5.768(F)|S4_IBUF           |   0.000|
------------+------------+------------------+--------+

Clock clk to Pad
------------+------------+------------------+--------+
            | clk (edge) |                  | Clock  |
Destination |   to PAD   |Internal Clock(s) | Phase  |
------------+------------+------------------+--------+
down        |    7.244(R)|clk_BUFGP         |   0.000|
stop        |    7.279(R)|clk_BUFGP         |   0.000|
up          |    7.570(R)|clk_BUFGP         |   0.000|
------------+------------+------------------+--------+

Clock to Setup on destination clock D1
---------------+---------+---------+---------+---------+
               | Src:Rise| Src:Fall| Src:Rise| Src:Fall|
Source Clock   |Dest:Rise|Dest:Rise|Dest:Fall|Dest:Fall|
---------------+---------+---------+---------+---------+
D1             |    1.805|         |    0.939|    0.939|
D2             |    3.540|    3.540|    2.582|    2.582|
D3             |    2.342|    2.342|    1.384|    1.384|
D4             |    3.098|    3.098|    0.270|    0.270|
F1             |    2.256|    2.256|    0.053|    0.053|
F2             |         |         |   -0.652|   -0.652|
F3             |         |         |   -0.864|   -0.864|
F4             |         |         |   -1.066|   -1.066|
S1             |         |         |    0.381|    0.381|
S2             |         |         |    0.421|    0.421|
S3             |         |         |    1.518|    1.518|
S4             |         |         |    1.354|    1.354|
U1             |    1.168|    1.168|    1.337|    1.337|
U2             |    2.909|    2.909|    1.951|    1.951|
U3             |    2.771|    2.771|    1.813|    1.813|
U4             |    1.320|    1.320|    0.121|    0.121|
---------------+---------+---------+---------+---------+

Clock to Setup on destination clock D2
---------------+---------+---------+---------+---------+
               | Src:Rise| Src:Fall| Src:Rise| Src:Fall|
Source Clock   |Dest:Rise|Dest:Rise|Dest:Fall|Dest:Fall|
---------------+---------+---------+---------+---------+
D1             |         |         |    0.825|    0.825|
D2             |         |         |    1.267|    1.267|
D3             |         |         |    0.069|    0.069|
D4             |         |         |   -1.045|   -1.045|
F1             |         |         |   -1.262|   -1.262|
F2             |         |         |   -1.967|   -1.967|
F3             |         |         |   -2.179|   -2.179|
F4             |         |         |   -2.381|   -2.381|
S1             |         |         |   -0.821|   -0.821|
S2             |         |         |   -0.161|   -0.161|
S3             |         |         |    0.296|    0.296|
S4             |         |         |    0.039|    0.039|
U1             |         |         |    1.441|    1.441|
U2             |         |         |    0.907|    0.907|
U3             |         |         |    0.498|    0.498|
U4             |         |         |   -1.194|   -1.194|
---------------+---------+---------+---------+---------+

Clock to Setup on destination clock D3
---------------+---------+---------+---------+---------+
               | Src:Rise| Src:Fall| Src:Rise| Src:Fall|
Source Clock   |Dest:Rise|Dest:Rise|Dest:Fall|Dest:Fall|
---------------+---------+---------+---------+---------+
D1             |         |         |    1.900|    1.900|
D2             |         |         |    2.226|    2.226|
D3             |         |         |    1.028|    1.028|
D4             |         |         |   -0.086|   -0.086|
F1             |         |         |   -0.303|   -0.303|
F2             |         |         |   -1.008|   -1.008|
F3             |         |         |   -1.220|   -1.220|
F4             |         |         |   -1.422|   -1.422|
S1             |         |         |    0.254|    0.254|
S2             |         |         |    0.914|    0.914|
S3             |         |         |    1.371|    1.371|
S4             |         |         |    0.998|    0.998|
U1             |         |         |    2.516|    2.516|
U2             |         |         |    1.982|    1.982|
U3             |         |         |    1.457|    1.457|
U4             |         |         |   -0.235|   -0.235|
---------------+---------+---------+---------+---------+

Clock to Setup on destination clock D4
---------------+---------+---------+---------+---------+
               | Src:Rise| Src:Fall| Src:Rise| Src:Fall|
Source Clock   |Dest:Rise|Dest:Rise|Dest:Fall|Dest:Fall|
---------------+---------+---------+---------+---------+
D1             |         |         |    1.473|    1.473|
D2             |         |         |    3.116|    3.116|
D3             |         |         |    1.918|    1.918|
D4             |         |         |    0.804|    0.804|
F1             |         |         |    0.587|    0.587|
F2             |         |         |   -0.118|   -0.118|
F3             |         |         |   -0.330|   -0.330|
F4             |         |         |   -0.532|   -0.532|
S1             |         |         |    1.120|    1.120|
S2             |         |         |    1.160|    1.160|
S3             |         |         |    2.257|    2.257|
S4             |         |         |    2.093|    2.093|
U1             |         |         |    1.277|    1.277|
U2             |         |         |    2.485|    2.485|
U3             |         |         |    2.347|    2.347|
U4             |         |         |    0.655|    0.655|
---------------+---------+---------+---------+---------+

Clock to Setup on destination clock F1
---------------+---------+---------+---------+---------+
               | Src:Rise| Src:Fall| Src:Rise| Src:Fall|
Source Clock   |Dest:Rise|Dest:Rise|Dest:Fall|Dest:Fall|
---------------+---------+---------+---------+---------+
D1             |         |         |    1.647|    1.647|
D2             |         |         |    3.290|    3.290|
D3             |         |         |    2.092|    2.092|
D4             |         |         |    0.978|    0.978|
F1             |         |         |    0.761|    0.761|
F2             |         |         |    0.056|    0.056|
F3             |         |         |   -0.156|   -0.156|
F4             |         |         |   -0.358|   -0.358|
S1             |         |         |    0.009|    0.009|
S2             |         |         |   -0.001|   -0.001|
S3             |         |         |    0.253|    0.253|
S4             |         |         |    1.602|    1.602|
U1             |         |         |    1.451|    1.451|
U2             |         |         |    2.659|    2.659|
U3             |         |         |    2.521|    2.521|
U4             |         |         |    0.829|    0.829|
---------------+---------+---------+---------+---------+

Clock to Setup on destination clock F2
---------------+---------+---------+---------+---------+
               | Src:Rise| Src:Fall| Src:Rise| Src:Fall|
Source Clock   |Dest:Rise|Dest:Rise|Dest:Fall|Dest:Fall|
---------------+---------+---------+---------+---------+
D1             |         |         |    2.337|    2.337|
D2             |         |         |    3.980|    3.980|
D3             |         |         |    2.782|    2.782|
D4             |         |         |    1.668|    1.668|
F1             |         |         |    1.451|    1.451|
F2             |         |         |    0.620|    0.620|
F3             |         |         |    0.408|    0.408|
F4             |         |         |    0.206|    0.206|
S1             |         |         |    0.749|    0.749|
S2             |         |         |    0.563|    0.563|
S3             |         |         |    1.211|    1.211|
S4             |         |         |    2.166|    2.166|
U1             |         |         |    2.141|    2.141|
U2             |         |         |    3.349|    3.349|
U3             |         |         |    3.211|    3.211|
U4             |         |         |    1.519|    1.519|
---------------+---------+---------+---------+---------+

Clock to Setup on destination clock F3
---------------+---------+---------+---------+---------+
               | Src:Rise| Src:Fall| Src:Rise| Src:Fall|
Source Clock   |Dest:Rise|Dest:Rise|Dest:Fall|Dest:Fall|
---------------+---------+---------+---------+---------+
D1             |         |         |    2.380|    2.380|
D2             |         |         |    4.023|    4.023|
D3             |         |         |    2.825|    2.825|
D4             |         |         |    1.711|    1.711|
F1             |         |         |    1.494|    1.494|
F2             |         |         |    0.789|    0.789|
F3             |         |         |    0.577|    0.577|
F4             |         |         |    0.375|    0.375|
S1             |         |         |    1.206|    1.206|
S2             |         |         |    0.805|    0.805|
S3             |         |         |    1.668|    1.668|
S4             |         |         |    2.335|    2.335|
U1             |         |         |    2.184|    2.184|
U2             |         |         |    3.392|    3.392|
U3             |         |         |    3.254|    3.254|
U4             |         |         |    1.562|    1.562|
---------------+---------+---------+---------+---------+

Clock to Setup on destination clock F4
---------------+---------+---------+---------+---------+
               | Src:Rise| Src:Fall| Src:Rise| Src:Fall|
Source Clock   |Dest:Rise|Dest:Rise|Dest:Fall|Dest:Fall|
---------------+---------+---------+---------+---------+
D1             |         |         |    2.542|    2.542|
D2             |         |         |    4.185|    4.185|
D3             |         |         |    2.987|    2.987|
D4             |         |         |    1.873|    1.873|
F1             |         |         |    1.656|    1.656|
F2             |         |         |    0.951|    0.951|
F3             |         |         |    0.739|    0.739|
F4             |         |         |    0.537|    0.537|
S1             |         |         |    0.904|    0.904|
S2             |         |         |    0.894|    0.894|
S3             |         |         |    0.813|    0.813|
S4             |         |         |    2.497|    2.497|
U1             |         |         |    2.346|    2.346|
U2             |         |         |    3.554|    3.554|
U3             |         |         |    3.416|    3.416|
U4             |         |         |    1.724|    1.724|
---------------+---------+---------+---------+---------+

Clock to Setup on destination clock S1
---------------+---------+---------+---------+---------+
               | Src:Rise| Src:Fall| Src:Rise| Src:Fall|
Source Clock   |Dest:Rise|Dest:Rise|Dest:Fall|Dest:Fall|
---------------+---------+---------+---------+---------+
D1             |         |         |    2.248|    2.248|
D2             |         |         |    3.891|    3.891|
D3             |         |         |    2.693|    2.693|
D4             |         |         |    1.579|    1.579|
F1             |         |         |    1.362|    1.362|
F2             |         |         |    0.657|    0.657|
F3             |         |         |    0.445|    0.445|
F4             |         |         |    0.243|    0.243|
S1             |         |         |    0.610|    0.610|
S2             |         |         |    1.136|    1.136|
S3             |         |         |    1.593|    1.593|
S4             |         |         |    2.203|    2.203|
U1             |         |         |    2.738|    2.738|
U2             |         |         |    3.260|    3.260|
U3             |         |         |    3.122|    3.122|
U4             |         |         |    1.430|    1.430|
---------------+---------+---------+---------+---------+

Clock to Setup on destination clock S2
---------------+---------+---------+---------+---------+
               | Src:Rise| Src:Fall| Src:Rise| Src:Fall|
Source Clock   |Dest:Rise|Dest:Rise|Dest:Fall|Dest:Fall|
---------------+---------+---------+---------+---------+
D1             |         |         |    2.492|    2.492|
D2             |         |         |    4.135|    4.135|
D3             |         |         |    2.937|    2.937|
D4             |         |         |    1.823|    1.823|
F1             |         |         |    1.606|    1.606|
F2             |         |         |    0.664|    0.664|
F3             |         |         |    0.452|    0.452|
F4             |         |         |    0.250|    0.250|
S1             |         |         |    0.617|    0.617|
S2             |         |         |    0.607|    0.607|
S3             |         |         |    1.074|    1.074|
S4             |         |         |    2.210|    2.210|
U1             |         |         |    2.296|    2.296|
U2             |         |         |    3.504|    3.504|
U3             |         |         |    3.366|    3.366|
U4             |         |         |    1.674|    1.674|
---------------+---------+---------+---------+---------+

Clock to Setup on destination clock S3
---------------+---------+---------+---------+---------+
               | Src:Rise| Src:Fall| Src:Rise| Src:Fall|
Source Clock   |Dest:Rise|Dest:Rise|Dest:Fall|Dest:Fall|
---------------+---------+---------+---------+---------+
D1             |         |         |    2.321|    2.321|
D2             |         |         |    3.964|    3.964|
D3             |         |         |    2.766|    2.766|
D4             |         |         |    1.652|    1.652|
F1             |         |         |    1.435|    1.435|
F2             |         |         |    0.730|    0.730|
F3             |         |         |    0.518|    0.518|
F4             |         |         |    0.316|    0.316|
S1             |         |         |    0.683|    0.683|
S2             |         |         |    0.673|    0.673|
S3             |         |         |    0.592|    0.592|
S4             |         |         |    2.276|    2.276|
U1             |         |         |    2.125|    2.125|
U2             |         |         |    3.333|    3.333|
U3             |         |         |    3.195|    3.195|
U4             |         |         |    1.503|    1.503|
---------------+---------+---------+---------+---------+

Clock to Setup on destination clock S4
---------------+---------+---------+---------+---------+
               | Src:Rise| Src:Fall| Src:Rise| Src:Fall|
Source Clock   |Dest:Rise|Dest:Rise|Dest:Fall|Dest:Fall|
---------------+---------+---------+---------+---------+
D1             |         |         |    0.974|    0.974|
D2             |         |         |    2.617|    2.617|
D3             |         |         |    1.419|    1.419|
D4             |         |         |    0.305|    0.305|
F1             |         |         |    0.088|    0.088|
F2             |         |         |   -0.617|   -0.617|
F3             |         |         |   -0.829|   -0.829|
F4             |         |         |   -1.031|   -1.031|
S1             |         |         |   -0.664|   -0.664|
S2             |         |         |   -0.674|   -0.674|
S3             |         |         |    0.866|    0.866|
S4             |         |         |    0.929|    0.929|
U1             |         |         |    0.778|    0.778|
U2             |         |         |    1.986|    1.986|
U3             |         |         |    1.848|    1.848|
U4             |         |         |    0.156|    0.156|
---------------+---------+---------+---------+---------+

Clock to Setup on destination clock U1
---------------+---------+---------+---------+---------+
               | Src:Rise| Src:Fall| Src:Rise| Src:Fall|
Source Clock   |Dest:Rise|Dest:Rise|Dest:Fall|Dest:Fall|
---------------+---------+---------+---------+---------+
D1             |         |         |    1.096|    1.096|
D2             |         |         |    2.739|    2.739|
D3             |         |         |    1.541|    1.541|
D4             |         |         |    0.427|    0.427|
F1             |         |         |    0.210|    0.210|
F2             |         |         |   -0.495|   -0.495|
F3             |         |         |   -0.707|   -0.707|
F4             |         |         |   -0.909|   -0.909|
S1             |         |         |    0.538|    0.538|
S2             |         |         |    0.578|    0.578|
S3             |         |         |    1.675|    1.675|
S4             |         |         |    1.511|    1.511|
U1             |         |         |    0.900|    0.900|
U2             |         |         |    2.108|    2.108|
U3             |         |         |    1.970|    1.970|
U4             |         |         |    0.278|    0.278|
---------------+---------+---------+---------+---------+

Clock to Setup on destination clock U2
---------------+---------+---------+---------+---------+
               | Src:Rise| Src:Fall| Src:Rise| Src:Fall|
Source Clock   |Dest:Rise|Dest:Rise|Dest:Fall|Dest:Fall|
---------------+---------+---------+---------+---------+
D1             |         |         |    0.656|    0.656|
D2             |         |         |    1.772|    1.772|
D3             |         |         |    0.574|    0.574|
D4             |         |         |   -0.540|   -0.540|
F1             |         |         |   -0.757|   -0.757|
F2             |         |         |   -1.462|   -1.462|
F3             |         |         |   -1.674|   -1.674|
F4             |         |         |   -1.876|   -1.876|
S1             |         |         |   -0.429|   -0.429|
S2             |         |         |   -0.330|   -0.330|
S3             |         |         |    0.708|    0.708|
S4             |         |         |    0.544|    0.544|
U1             |         |         |    1.272|    1.272|
U2             |         |         |    1.141|    1.141|
U3             |         |         |    1.003|    1.003|
U4             |         |         |   -0.689|   -0.689|
---------------+---------+---------+---------+---------+

Clock to Setup on destination clock U3
---------------+---------+---------+---------+---------+
               | Src:Rise| Src:Fall| Src:Rise| Src:Fall|
Source Clock   |Dest:Rise|Dest:Rise|Dest:Fall|Dest:Fall|
---------------+---------+---------+---------+---------+
D1             |         |         |    1.431|    1.431|
D2             |         |         |    1.883|    1.883|
D3             |         |         |    0.685|    0.685|
D4             |         |         |   -0.429|   -0.429|
F1             |         |         |   -0.646|   -0.646|
F2             |         |         |   -1.351|   -1.351|
F3             |         |         |   -1.563|   -1.563|
F4             |         |         |   -1.765|   -1.765|
S1             |         |         |   -0.215|   -0.215|
S2             |         |         |    0.445|    0.445|
S3             |         |         |    0.902|    0.902|
S4             |         |         |    0.655|    0.655|
U1             |         |         |    2.047|    2.047|
U2             |         |         |    1.513|    1.513|
U3             |         |         |    1.114|    1.114|
U4             |         |         |   -0.578|   -0.578|
---------------+---------+---------+---------+---------+

Clock to Setup on destination clock U4
---------------+---------+---------+---------+---------+
               | Src:Rise| Src:Fall| Src:Rise| Src:Fall|
Source Clock   |Dest:Rise|Dest:Rise|Dest:Fall|Dest:Fall|
---------------+---------+---------+---------+---------+
D1             |         |         |    1.593|    1.593|
D2             |         |         |    3.236|    3.236|
D3             |         |         |    2.038|    2.038|
D4             |         |         |    0.924|    0.924|
F1             |         |         |    0.707|    0.707|
F2             |         |         |    0.002|    0.002|
F3             |         |         |   -0.210|   -0.210|
F4             |         |         |   -0.412|   -0.412|
S1             |         |         |    0.930|    0.930|
S2             |         |         |    0.970|    0.970|
S3             |         |         |    2.067|    2.067|
S4             |         |         |    1.903|    1.903|
U1             |         |         |    1.397|    1.397|
U2             |         |         |    2.605|    2.605|
U3             |         |         |    2.467|    2.467|
U4             |         |         |    0.775|    0.775|
---------------+---------+---------+---------+---------+

Clock to Setup on destination clock clk
---------------+---------+---------+---------+---------+
               | Src:Rise| Src:Fall| Src:Rise| Src:Fall|
Source Clock   |Dest:Rise|Dest:Rise|Dest:Fall|Dest:Fall|
---------------+---------+---------+---------+---------+
D1             |    8.088|   12.246|         |         |
D2             |         |   12.246|         |         |
D3             |         |   12.246|         |         |
D4             |         |   12.246|         |         |
F1             |         |   12.246|         |         |
F2             |         |   12.246|         |         |
F3             |         |   12.246|         |         |
F4             |         |   11.245|         |         |
S1             |    6.483|   12.246|         |         |
S2             |    6.048|   12.246|         |         |
S3             |    6.607|   12.246|         |         |
S4             |    6.970|   12.216|         |         |
U1             |         |   12.246|         |         |
U2             |         |   12.246|         |         |
U3             |         |   12.246|         |         |
U4             |         |   12.246|         |         |
clk            |    2.399|         |         |         |
---------------+---------+---------+---------+---------+


Analysis completed Mon May 15 04:53:29 2023 
--------------------------------------------------------------------------------

Trace Settings:
-------------------------
Trace Settings 

Peak Memory Usage: 155 MB



